Archive member included to satisfy reference by file (symbol)

c:/program files (x86)/atmel/studio/7.0/toolchain/avr8/avr8-gnu-toolchain/bin/../lib/gcc/avr/5.4.0/../../../../avr/lib/avr6\libm.a(addsf3.o)
                              functions.o (__subsf3)
c:/program files (x86)/atmel/studio/7.0/toolchain/avr8/avr8-gnu-toolchain/bin/../lib/gcc/avr/5.4.0/../../../../avr/lib/avr6\libm.a(addsf3x.o)
                              c:/program files (x86)/atmel/studio/7.0/toolchain/avr8/avr8-gnu-toolchain/bin/../lib/gcc/avr/5.4.0/../../../../avr/lib/avr6\libm.a(addsf3.o) (__addsf3x)
c:/program files (x86)/atmel/studio/7.0/toolchain/avr8/avr8-gnu-toolchain/bin/../lib/gcc/avr/5.4.0/../../../../avr/lib/avr6\libm.a(atan2.o)
                              functions.o (atan2)
c:/program files (x86)/atmel/studio/7.0/toolchain/avr8/avr8-gnu-toolchain/bin/../lib/gcc/avr/5.4.0/../../../../avr/lib/avr6\libm.a(atan.o)
                              c:/program files (x86)/atmel/studio/7.0/toolchain/avr8/avr8-gnu-toolchain/bin/../lib/gcc/avr/5.4.0/../../../../avr/lib/avr6\libm.a(atan2.o) (atan)
c:/program files (x86)/atmel/studio/7.0/toolchain/avr8/avr8-gnu-toolchain/bin/../lib/gcc/avr/5.4.0/../../../../avr/lib/avr6\libm.a(cmpsf2.o)
                              main.o (__eqsf2)
c:/program files (x86)/atmel/studio/7.0/toolchain/avr8/avr8-gnu-toolchain/bin/../lib/gcc/avr/5.4.0/../../../../avr/lib/avr6\libm.a(cos.o)
                              functions.o (cos)
c:/program files (x86)/atmel/studio/7.0/toolchain/avr8/avr8-gnu-toolchain/bin/../lib/gcc/avr/5.4.0/../../../../avr/lib/avr6\libm.a(divsf3.o)
                              functions.o (__divsf3)
c:/program files (x86)/atmel/studio/7.0/toolchain/avr8/avr8-gnu-toolchain/bin/../lib/gcc/avr/5.4.0/../../../../avr/lib/avr6\libm.a(divsf3x.o)
                              c:/program files (x86)/atmel/studio/7.0/toolchain/avr8/avr8-gnu-toolchain/bin/../lib/gcc/avr/5.4.0/../../../../avr/lib/avr6\libm.a(divsf3.o) (__divsf3x)
c:/program files (x86)/atmel/studio/7.0/toolchain/avr8/avr8-gnu-toolchain/bin/../lib/gcc/avr/5.4.0/../../../../avr/lib/avr6\libm.a(fixsfsi.o)
                              functions.o (__fixsfsi)
c:/program files (x86)/atmel/studio/7.0/toolchain/avr8/avr8-gnu-toolchain/bin/../lib/gcc/avr/5.4.0/../../../../avr/lib/avr6\libm.a(fixunssfsi.o)
                              main.o (__fixunssfsi)
c:/program files (x86)/atmel/studio/7.0/toolchain/avr8/avr8-gnu-toolchain/bin/../lib/gcc/avr/5.4.0/../../../../avr/lib/avr6\libm.a(floatsisf.o)
                              functions.o (__floatunsisf)
c:/program files (x86)/atmel/studio/7.0/toolchain/avr8/avr8-gnu-toolchain/bin/../lib/gcc/avr/5.4.0/../../../../avr/lib/avr6\libm.a(fp_cmp.o)
                              c:/program files (x86)/atmel/studio/7.0/toolchain/avr8/avr8-gnu-toolchain/bin/../lib/gcc/avr/5.4.0/../../../../avr/lib/avr6\libm.a(cmpsf2.o) (__fp_cmp)
c:/program files (x86)/atmel/studio/7.0/toolchain/avr8/avr8-gnu-toolchain/bin/../lib/gcc/avr/5.4.0/../../../../avr/lib/avr6\libm.a(fp_inf.o)
                              c:/program files (x86)/atmel/studio/7.0/toolchain/avr8/avr8-gnu-toolchain/bin/../lib/gcc/avr/5.4.0/../../../../avr/lib/avr6\libm.a(addsf3x.o) (__fp_inf)
c:/program files (x86)/atmel/studio/7.0/toolchain/avr8/avr8-gnu-toolchain/bin/../lib/gcc/avr/5.4.0/../../../../avr/lib/avr6\libm.a(fp_nan.o)
                              c:/program files (x86)/atmel/studio/7.0/toolchain/avr8/avr8-gnu-toolchain/bin/../lib/gcc/avr/5.4.0/../../../../avr/lib/avr6\libm.a(addsf3x.o) (__fp_nan)
c:/program files (x86)/atmel/studio/7.0/toolchain/avr8/avr8-gnu-toolchain/bin/../lib/gcc/avr/5.4.0/../../../../avr/lib/avr6\libm.a(fp_powser.o)
                              c:/program files (x86)/atmel/studio/7.0/toolchain/avr8/avr8-gnu-toolchain/bin/../lib/gcc/avr/5.4.0/../../../../avr/lib/avr6\libm.a(atan.o) (__fp_powser)
c:/program files (x86)/atmel/studio/7.0/toolchain/avr8/avr8-gnu-toolchain/bin/../lib/gcc/avr/5.4.0/../../../../avr/lib/avr6\libm.a(fp_pscA.o)
                              c:/program files (x86)/atmel/studio/7.0/toolchain/avr8/avr8-gnu-toolchain/bin/../lib/gcc/avr/5.4.0/../../../../avr/lib/avr6\libm.a(addsf3x.o) (__fp_pscA)
c:/program files (x86)/atmel/studio/7.0/toolchain/avr8/avr8-gnu-toolchain/bin/../lib/gcc/avr/5.4.0/../../../../avr/lib/avr6\libm.a(fp_pscB.o)
                              c:/program files (x86)/atmel/studio/7.0/toolchain/avr8/avr8-gnu-toolchain/bin/../lib/gcc/avr/5.4.0/../../../../avr/lib/avr6\libm.a(addsf3x.o) (__fp_pscB)
c:/program files (x86)/atmel/studio/7.0/toolchain/avr8/avr8-gnu-toolchain/bin/../lib/gcc/avr/5.4.0/../../../../avr/lib/avr6\libm.a(fp_rempio2.o)
                              c:/program files (x86)/atmel/studio/7.0/toolchain/avr8/avr8-gnu-toolchain/bin/../lib/gcc/avr/5.4.0/../../../../avr/lib/avr6\libm.a(cos.o) (__fp_rempio2)
c:/program files (x86)/atmel/studio/7.0/toolchain/avr8/avr8-gnu-toolchain/bin/../lib/gcc/avr/5.4.0/../../../../avr/lib/avr6\libm.a(fp_round.o)
[...]
Memory Configuration

Name             Origin             Length             Attributes
text             0x00000000         0x00100000         xr
data             0x00800200         0x0000fe00         rw !x
eeprom           0x00810000         0x00010000         rw !x
fuse             0x00820000         0x00000400         rw !x
lock             0x00830000         0x00000400         rw !x
signature        0x00840000         0x00000400         rw !x
user_signatures  0x00850000         0x00000400         rw !x
*default*        0x00000000         0xffffffff

Linker script and memory map

Address of section .data set to 0x800200
LOAD C:/Program Files (x86)/Atmel/Studio/7.0/Packs/Atmel/ATmega_DFP/1.0.106/gcc/dev/atmega2560/avr6/crtatmega2560.o
LOAD arq.o
LOAD buffer.o
LOAD cobs.o
LOAD com_HMC5883L.o
LOAD crc.o
LOAD croutine.o
LOAD distSens_g2d12.o
LOAD event_groups.o
LOAD functions.o
LOAD heap_4.o
LOAD hooks.o
LOAD imu_LSM6DS3.o
LOAD LED.o
LOAD list.o
LOAD main.o
LOAD motor.o
LOAD network.o
LOAD port.o
LOAD queue.o
LOAD server_communication.o
LOAD servo.o
LOAD simple_protocol.o
LOAD spi.o
LOAD tasks.o
LOAD timers.o
LOAD twi_master.o
LOAD usart.o
START GROUP
LOAD c:/program files (x86)/atmel/studio/7.0/toolchain/avr8/avr8-gnu-toolchain/bin/../lib/gcc/avr/5.4.0/../../../../avr/lib/avr6\libm.a
END GROUP
LOAD c:/program files (x86)/atmel/studio/7.0/toolchain/avr8/avr8-gnu-toolchain/bin/../lib/gcc/avr/5.4.0/../../../../avr/lib/avr6\libprintf_flt.a
START GROUP
LOAD c:/program files (x86)/atmel/studio/7.0/toolchain/avr8/avr8-gnu-toolchain/bin/../lib/gcc/avr/5.4.0/avr6\libgcc.a
LOAD c:/program files (x86)/atmel/studio/7.0/toolchain/avr8/avr8-gnu-toolchain/bin/../lib/gcc/avr/5.4.0/../../../../avr/lib/avr6\libm.a
LOAD c:/program files (x86)/atmel/studio/7.0/toolchain/avr8/avr8-gnu-toolchain/bin/../lib/gcc/avr/5.4.0/../../../../avr/lib/avr6\libc.a
LOAD C:/Program Files (x86)/Atmel/Studio/7.0/Packs/Atmel/ATmega_DFP/1.0.106/gcc/dev/atmega2560/avr6\libatmega2560.a
END GROUP
                0x00100000                __TEXT_REGION_LENGTH__ = DEFINED (__TEXT_REGION_LENGTH__)?__TEXT_REGION_LENGTH__:0x100000
                0x0000fe00                __DATA_REGION_LENGTH__ = DEFINED (__DATA_REGION_LENGTH__)?__DATA_REGION_LENGTH__:0xfe00
                0x00010000                __EEPROM_REGION_LENGTH__ = DEFINED (__EEPROM_REGION_LENGTH__)?__EEPROM_REGION_LENGTH__:0x10000
                0x00000400                __FUSE_REGION_LENGTH__ = DEFINED (__FUSE_REGION_LENGTH__)?__FUSE_REGION_LENGTH__:0x400
                0x00000400                __LOCK_REGION_LENGTH__ = DEFINED (__LOCK_REGION_LENGTH__)?__LOCK_REGION_LENGTH__:0x400
                0x00000400                __SIGNATURE_REGION_LENGTH__ = DEFINED (__SIGNATURE_REGION_LENGTH__)?__SIGNATURE_REGION_LENGTH__:0x400
                0x00000400                __USER_SIGNATURE_REGION_LENGTH__ = DEFINED (__USER_SIGNATURE_REGION_LENGTH__)?__USER_SIGNATURE_REGION_LENGTH__:0x400

.hash
 *(.hash)

.dynsym
 *(.dynsym)

.dynstr
 *(.dynstr)

.gnu.version
 *(.gnu.version)

.gnu.version_d
 *(.gnu.version_d)

.gnu.version_r
 *(.gnu.version_r)

.rel.init
 *(.rel.init)

.rela.init
 *(.rela.init)

.rel.text
 *(.rel.text)
 *(.rel.text.*)
 *(.rel.gnu.linkonce.t*)

.rela.text
 *(.rela.text)
 *(.rela.text.*)
 *(.rela.gnu.linkonce.t*)

.rel.fini
 *(.rel.fini)

.rela.fini
 *(.rela.fini)

.rel.rodata
 *(.rel.rodata)
 *(.rel.rodata.*)
 *(.rel.gnu.linkonce.r*)

.rela.rodata
 *(.rela.rodata)
 *(.rela.rodata.*)
 *(.rela.gnu.linkonce.r*)

.rel.data
 *(.rel.data)
 *(.rel.data.*)
 *(.rel.gnu.linkonce.d*)

.rela.data
 *(.rela.data)
 *(.rela.data.*)
 *(.rela.gnu.linkonce.d*)

.rel.ctors
 *(.rel.ctors)

.rela.ctors
 *(.rela.ctors)

.rel.dtors
 *(.rel.dtors)

.rela.dtors
 *(.rela.dtors)

.rel.got
 *(.rel.got)

.rela.got
 *(.rela.got)

.rel.bss
 *(.rel.bss)

.rela.bss
 *(.rela.bss)

.rel.plt
 *(.rel.plt)

.rela.plt
 *(.rela.plt)

.text           0x00000000     0x7872
 *(.vectors)
 .vectors       0x00000000       0xe4 C:/Program Files (x86)/Atmel/Studio/7.0/Packs/Atmel/ATmega_DFP/1.0.106/gcc/dev/atmega2560/avr6/crtatmega2560.o
                0x00000000                __vector_default
                0x00000000                __vectors
 *(.vectors)
 *(.progmem.gcc*)
 .progmem.gcc_fplib
                0x000000e4       0x2d c:/program files (x86)/atmel/studio/7.0/toolchain/avr8/avr8-gnu-toolchain/bin/../lib/gcc/avr/5.4.0/../../../../avr/lib/avr6\libm.a(atan.o)
 .progmem.gcc_fplib
                0x00000111       0x1e c:/program files (x86)/atmel/studio/7.0/toolchain/avr8/avr8-gnu-toolchain/bin/../lib/gcc/avr/5.4.0/../../../../avr/lib/avr6\libm.a(fp_sinus.o)
                0x00000130                . = ALIGN (0x2)
 *fill*         0x0000012f        0x1 
                0x00000130                __trampolines_start = .
 *(.trampolines)
 .trampolines   0x00000130        0x0 linker stubs
 *(.trampolines*)
                0x00000130                __trampolines_end = .
 *libprintf_flt.a:*(.progmem.data)
 .progmem.data  0x00000130        0x8 c:/program files (x86)/atmel/studio/7.0/toolchain/avr8/avr8-gnu-toolchain/bin/../lib/gcc/avr/5.4.0/../../../../avr/lib/avr6\libprintf_flt.a(vfprintf_flt.o)
 *libc.a:*(.progmem.data)
 .progmem.data  0x00000138       0xfa c:/program files (x86)/atmel/studio/7.0/toolchain/avr8/avr8-gnu-toolchain/bin/../lib/gcc/avr/5.4.0/../../../../avr/lib/avr6\libc.a(ftoa_engine.o)
 *(.progmem*)
                0x00000232                . = ALIGN (0x2)
 *(.jumptables)
 *(.jumptables*)
 *(.lowtext)
 .lowtext       0x00000232       0x10 tasks.o
 *(.lowtext*)
                0x00000242                __ctors_start = .
 *(.ctors)
                0x00000242                __ctors_end = .
                0x00000242                __dtors_start = .
 *(.dtors)
                0x00000242                __dtors_end = .
 SORT(*)(.ctors)
 SORT(*)(.dtors)
 *(.init0)
 .init0         0x00000242        0x0 C:/Program Files (x86)/Atmel/Studio/7.0/Packs/Atmel/ATmega_DFP/1.0.106/gcc/dev/atmega2560/avr6/crtatmega2560.o
                0x00000242                __init
 *(.init0)
 *(.init1)
 *(.init1)
 *(.init2)
 .init2         0x00000242       0x10 C:/Program Files (x86)/Atmel/Studio/7.0/Packs/Atmel/ATmega_DFP/1.0.106/gcc/dev/atmega2560/avr6/crtatmega2560.o
 *(.init2)
 *(.init3)
 *(.init3)
 *(.init4)
 .init4         0x00000252       0x1a c:/program files (x86)/atmel/studio/7.0/toolchain/avr8/avr8-gnu-toolchain/bin/../lib/gcc/avr/5.4.0/avr6\libgcc.a(_copy_data.o)
                0x00000252                __do_copy_data
 .init4         0x0000026c       0x10 c:/program files (x86)/atmel/studio/7.0/toolchain/avr8/avr8-gnu-toolchain/bin/../lib/gcc/avr/5.4.0/avr6\libgcc.a(_clear_bss.o)
                0x0000026c                __do_clear_bss
 *(.init4)
 *(.init5)
 *(.init5)
 *(.init6)
 *(.init6)
 *(.init7)
 *(.init7)
 *(.init8)
 *(.init8)
 *(.init9)
 .init9         0x0000027c        0x8 C:/Program Files (x86)/Atmel/Studio/7.0/Packs/Atmel/ATmega_DFP/1.0.106/gcc/dev/atmega2560/avr6/crtatmega2560.o
 *(.init9)
 *(.text)
 .text          0x00000284        0x2 C:/Program Files (x86)/Atmel/Studio/7.0/Packs/Atmel/ATmega_DFP/1.0.106/gcc/dev/atmega2560/avr6/crtatmega2560.o
                0x00000284                __vector_38
                0x00000284                __vector_22
                0x00000284                __vector_28
                0x00000284                __vector_1
                0x00000284                __vector_34
                0x00000284                __vector_24
                0x00000284                __vector_12
                0x00000284                __vector_55
                0x00000284                __vector_46
                0x00000284                __bad_interrupt
                0x00000284                __vector_6
                0x00000284                __vector_31
                0x00000284                __vector_35
                0x00000284                __vector_39
                0x00000284                __vector_23
                0x00000284                __vector_30
                0x00000284                __vector_45
                0x00000284                __vector_25
                0x00000284                __vector_11
                0x00000284                __vector_54
                0x00000284                __vector_13
                0x00000284                __vector_17
                0x00000284                __vector_19
                0x00000284                __vector_56
                0x00000284                __vector_7
                0x00000284                __vector_49
                0x00000284                __vector_41
                0x00000284                __vector_43
                0x00000284                __vector_27
                0x00000284                __vector_33
                0x00000284                __vector_47
                0x00000284                __vector_52
                0x00000284                __vector_37
                0x00000284                __vector_44
                0x00000284                __vector_9
                0x00000284                __vector_2
                0x00000284                __vector_21
                0x00000284                __vector_15
                0x00000284                __vector_36
                0x00000284                __vector_29
                0x00000284                __vector_40
                0x00000284                __vector_8
                0x00000284                __vector_26
                0x00000284                __vector_48
                0x00000284                __vector_14
                0x00000284                __vector_53
                0x00000284                __vector_10
                0x00000284                __vector_50
                0x00000284                __vector_16
                0x00000284                __vector_18
                0x00000284                __vector_20
                0x00000284                __vector_42
                0x00000286                . = ALIGN (0x2)
 *(.text.*)
 .text.arq_init
                0x00000286       0x3a arq.o
                0x00000286                arq_init
 .text.arq_new_connection
                0x000002c0       0x38 arq.o
                0x000002c0                arq_new_connection
 .text.arq_connect
                0x000002f8       0xf6 arq.o
                0x000002f8                arq_connect
 .text.arq_close_connection
                0x000003ee       0x78 arq.o
                0x000003ee                arq_close_connection
 .text.arq_send
                0x00000466      0x12a arq.o
                0x00000466                arq_send
 .text.arq_send_ack
                0x00000590       0x4c arq.o
                0x00000590                arq_send_ack
 .text.sender   0x000005dc      0x200 arq.o
                0x000005dc                sender
 .text.arq_reassembly
                0x000007dc       0x9a arq.o
                0x000007dc                arq_reassembly
 .text.receiver
                0x00000876      0x1d4 arq.o
                0x00000876                receiver
 .text.vARQTask
                0x00000a4a        0xe arq.o
                0x00000a4a                vARQTask
 .text.buffer_init
                0x00000a58       0x24 buffer.o
                0x00000a58                buffer_init
 .text.buffer_append
                0x00000a7c       0xc8 buffer.o
                0x00000a7c                buffer_append
 .text.buffer_remove_token
                0x00000b44       0x96 buffer.o
                0x00000b44                buffer_remove_token
 .text.buffer_read
                0x00000bda       0x9c buffer.o
                0x00000bda                buffer_read
 .text.buffer_remove
                0x00000c76       0xc6 buffer.o
                0x00000c76                buffer_remove
 .text.cobs_encode
                0x00000d3c       0xcc cobs.o
                0x00000d3c                cobs_encode
 .text.cobs_decode
                0x00000e08       0xfc cobs.o
                0x00000e08                cobs_decode
 .text.crc_ibutton_update
                0x00000f04       0x18 crc.o
                0x00000f04                crc_ibutton_update
 .text.calculate_crc
                0x00000f1c       0x2e crc.o
                0x00000f1c                calculate_crc
 .text.vDistSens_init
                0x00000f4a       0x20 distSens_g2d12.o
                0x00000f4a                vDistSens_init
 .text.ui8DistSens_readCM
                0x00000f6a       0x46 distSens_g2d12.o
                0x00000f6a                ui8DistSens_readCM
 .text.vFunc_Inf2pi
                0x00000fb0       0x9e functions.o
                0x00000fb0                vFunc_Inf2pi
 .text.pvPortMalloc
                0x0000104e      0x214 heap_4.o
                0x0000104e                pvPortMalloc
 .text.vPortFree
                0x00001262       0xe0 heap_4.o
                0x00001262                vPortFree
 .text.xPortGetFreeHeapSize
                0x00001342        0xa heap_4.o
                0x00001342                xPortGetFreeHeapSize
 .text.sIMU_readRegisterRegion
                0x0000134c       0x60 imu_LSM6DS3.o
                0x0000134c                sIMU_readRegisterRegion
 .text.sIMU_readRegister
                0x000013ac       0x2c imu_LSM6DS3.o
                0x000013ac                sIMU_readRegister
 .text.sIMU_Init
                0x000013d8       0xaa imu_LSM6DS3.o
                0x000013d8                sIMU_Init
 .text.sIMU_readRegisterInt16
                0x00001482       0x3a imu_LSM6DS3.o
                0x00001482                sIMU_readRegisterInt16
 .text.sIMU_writeRegister
                0x000014bc       0x18 imu_LSM6DS3.o
                0x000014bc                sIMU_writeRegister
 .text.sIMU_begin
                0x000014d4      0x22a imu_LSM6DS3.o
                0x000014d4                sIMU_begin
 .text.i16IMU_readRawGyroZ
                0x000016fe       0x50 imu_LSM6DS3.o
                0x000016fe                i16IMU_readRawGyroZ
 .text.fIMU_calcGyro
                0x0000174e       0x94 imu_LSM6DS3.o
                0x0000174e                fIMU_calcGyro
 .text.fIMU_readFloatGyroZ
                0x000017e2        0x6 imu_LSM6DS3.o
                0x000017e2                fIMU_readFloatGyroZ
 .text.vLED_init
                0x000017e8        0xc LED.o
                0x000017e8                vLED_init
 .text.vLED_singleHigh
                0x000017f4       0x34 LED.o
                0x000017f4                vLED_singleHigh
 .text.vLED_singleLow
                0x00001828       0x34 LED.o
                0x00001828                vLED_singleLow
 .text.vListInitialise
                0x0000185c       0x1c list.o
                0x0000185c                vListInitialise
 .text.vListInitialiseItem
                0x00001878        0x8 list.o
                0x00001878                vListInitialiseItem
 .text.vListInsertEnd
                0x00001880       0x42 list.o
                0x00001880                vListInsertEnd
 .text.vListInsert
                0x000018c2       0x62 list.o
                0x000018c2                vListInsert
 .text.uxListRemove
                0x00001924       0x4c list.o
                0x00001924                uxListRemove
 .text.vMainCommunicationTask
                0x00001970      0x17e main.o
                0x00001970                vMainCommunicationTask
 .text.vMainSensorTowerTask
                0x00001aee      0x2d0 main.o
                0x00001aee                vMainSensorTowerTask
 .text.vMainPoseControllerTask
                0x00001dbe      0xf58 main.o
                0x00001dbe                vMainPoseControllerTask
 .text.vMainPoseEstimatorTask
                0x00002d16      0x356 main.o
                0x00002d16                vMainPoseEstimatorTask
 .text.vApplicationStackOverflowHook
                0x0000306c        0x4 main.o
                0x0000306c                vApplicationStackOverflowHook
 .text.main     0x00003070      0x15a main.o
                0x00003070                main
 .text.__vector_3
                0x000031ca       0x22 main.o
                0x000031ca                __vector_3
 .text.__vector_4
                0x000031ec       0x22 main.o
                0x000031ec                __vector_4
 .text.__vector_5
                0x0000320e       0x78 main.o
                0x0000320e                __vector_5
 .text.vMotor_init
                0x00003286       0xa6 motor.o
                0x00003286                vMotor_init
 .text.vMotorMoveLeftForward
                0x0000332c        0xe motor.o
                0x0000332c                vMotorMoveLeftForward
 .text.vMotorMoveRightForward
                0x0000333a       0x22 motor.o
                0x0000333a                vMotorMoveRightForward
 .text.vMotorMoveLeftBackward
                0x0000335c        0xe motor.o
                0x0000335c                vMotorMoveLeftBackward
 .text.vMotorMoveRightBackward
                0x0000336a       0x22 motor.o
                0x0000336a                vMotorMoveRightBackward
 .text.vMotorBrakeLeft
                0x0000338c        0x8 motor.o
                0x0000338c                vMotorBrakeLeft
 .text.vMotorBrakeRight
                0x00003394       0x1a motor.o
                0x00003394                vMotorBrakeRight
 .text.vMotorMovementSwitch
                0x000033ae       0x4e motor.o
                0x000033ae                vMotorMovementSwitch
 .text.vMotorEncoderLeftTickFromISR
                0x000033fc       0x2a motor.o
                0x000033fc                vMotorEncoderLeftTickFromISR
 .text.vMotorEncoderRightTickFromISR
                0x00003426       0x28 motor.o
                0x00003426                vMotorEncoderRightTickFromISR
 .text.network_receive
                0x0000344e       0xa8 network.o
                0x0000344e                network_receive
 .text.network_init
                0x000034f6        0xa network.o
                0x000034f6                network_init
 .text.network_set_callback
                0x00003500       0x16 network.o
                0x00003500                network_set_callback
 .text.network_send
                0x00003516       0xe4 network.o
                0x00003516                network_send
 .text.pxPortInitialiseStack
                0x000035fa       0xe4 port.o
                0x000035fa                pxPortInitialiseStack
 .text.xPortStartScheduler
                0x000036de       0x90 port.o
                0x000036de                xPortStartScheduler
 .text.vPortYield
                0x0000376e       0xc2 port.o
                0x0000376e                vPortYield
 .text.vPortYieldFromTick
                0x00003830       0xf0 port.o
                0x00003830                vPortYieldFromTick
 .text.__vector_32
                0x00003920        0x4 port.o
                0x00003920                __vector_32
 .text.xQueueGenericCreate
                0x00003924       0xa4 queue.o
                0x00003924                xQueueGenericCreate
 .text.xQueueCreateMutex
                0x000039c8      0x304 queue.o
                0x000039c8                xQueueCreateMutex
 .text.xQueueGenericSend
                0x00003ccc      0x3a0 queue.o
                0x00003ccc                xQueueGenericSend
 .text.xQueueGive
                0x0000406c      0x2e2 queue.o
                0x0000406c                xQueueGive
 .text.xQueueGiveFromISR
                0x0000434e       0x56 queue.o
                0x0000434e                xQueueGiveFromISR
 .text.xQueueGenericReceive
                0x000043a4      0x340 queue.o
                0x000043a4                xQueueGenericReceive
 .text.server_receiver
                0x000046e4       0x24 server_communication.o
                0x000046e4                server_receiver
 .text.server_communication_init
                0x00004708       0x12 server_communication.o
                0x00004708                server_communication_init
 .text.server_connect
                0x0000471a       0x18 server_communication.o
                0x0000471a                server_connect
 .text.send_handshake
                0x00004732       0xca server_communication.o
                0x00004732                send_handshake
 .text.send_update
                0x000047fc       0x84 server_communication.o
                0x000047fc                send_update
 .text.send_idle
                0x00004880       0x48 server_communication.o
                0x00004880                send_idle
 .text.debug    0x000048c8       0x7a server_communication.o
                0x000048c8                debug
 .text.send_ping_response
                0x00004942       0x48 server_communication.o
                0x00004942                send_ping_response
 .text.vServo_setAngle
                0x0000498a       0x46 servo.o
                0x0000498a                vServo_setAngle
 .text.vServo_init
                0x000049d0       0x3a servo.o
                0x000049d0                vServo_init
 .text.simple_p_reassembly
                0x00004a0a       0xd6 simple_protocol.o
                0x00004a0a                simple_p_reassembly
 .text.simple_p_init
                0x00004ae0       0x1a simple_protocol.o
                0x00004ae0                simple_p_init
 .text.simple_p_send
                0x00004afa       0xfe simple_protocol.o
                0x00004afa                simple_p_send
 .text.vSPI_MasterInit
                0x00004bf8       0x1c spi.o
                0x00004bf8                vSPI_MasterInit
 .text.ui8SPI_MasterTransmit
                0x00004c14        0xe spi.o
                0x00004c14                ui8SPI_MasterTransmit
 .text.xTaskGenericCreate
                0x00004c22      0x238 tasks.o
                0x00004c22                xTaskGenericCreate
 .text.vTaskDelayUntil
                0x00004e5a      0x346 tasks.o
                0x00004e5a                vTaskDelayUntil
 .text.vTaskDelay
                0x000051a0      0x30a tasks.o
                0x000051a0                vTaskDelay
 .text.vTaskStartScheduler
                0x000054aa      0x1da tasks.o
                0x000054aa                vTaskStartScheduler
 .text.vTaskSuspendAll
                0x00005684        0xc tasks.o
                0x00005684                vTaskSuspendAll
 .text.xTaskResumeAll
                0x00005690      0x276 tasks.o
                0x00005690                xTaskResumeAll
 .text.xTaskGetTickCount
                0x00005906       0x14 tasks.o
                0x00005906                xTaskGetTickCount
 .text.xTaskIncrementTick
                0x0000591a      0x182 tasks.o
                0x0000591a                xTaskIncrementTick
 .text.vTaskSwitchContext
                0x00005a9c      0x110 tasks.o
                0x00005a9c                vTaskSwitchContext
 .text.vTaskPlaceOnEventList
                0x00005bac       0xb6 tasks.o
                0x00005bac                vTaskPlaceOnEventList
 .text.xTaskRemoveFromEventList
                0x00005c62       0x90 tasks.o
                0x00005c62                xTaskRemoveFromEventList
 .text.vTaskSetTimeOutState
                0x00005cf2       0x16 tasks.o
                0x00005cf2                vTaskSetTimeOutState
 .text.xTaskCheckForTimeOut
                0x00005d08       0x76 tasks.o
                0x00005d08                xTaskCheckForTimeOut
 .text.vTaskMissedYield
                0x00005d7e        0x8 tasks.o
                0x00005d7e                vTaskMissedYield
 .text.xTaskGetCurrentTaskHandle
                0x00005d86        0xa tasks.o
                0x00005d86                xTaskGetCurrentTaskHandle
 .text.vTaskPriorityInherit
                0x00005d90       0xc4 tasks.o
                0x00005d90                vTaskPriorityInherit
 .text.xTaskPriorityDisinherit
                0x00005e54       0x80 tasks.o
                0x00005e54                xTaskPriorityDisinherit
 .text.pvTaskIncrementMutexHeldCount
                0x00005ed4       0x24 tasks.o
                0x00005ed4                pvTaskIncrementMutexHeldCount
 .text.ulTaskNotifyTake
                0x00005ef8      0x14e tasks.o
                0x00005ef8                ulTaskNotifyTake
 .text.xTaskNotifyWait
                0x00006046      0x19e tasks.o
                0x00006046                xTaskNotifyWait
 .text.xTaskGenericNotify
                0x000061e4       0xfc tasks.o
                0x000061e4                xTaskGenericNotify
 .text.xTaskGenericNotifyFromISR
                0x000062e0      0x11c tasks.o
                0x000062e0                xTaskGenericNotifyFromISR
 .text.xTaskNotifyStateClear
                0x000063fc       0x28 tasks.o
                0x000063fc                xTaskNotifyStateClear
 .text.vFrameReaderTask
                0x00006424       0x4e usart.o
                0x00006424                vFrameReaderTask
 .text.vUartSendTask
                0x00006472       0x8e usart.o
                0x00006472                vUartSendTask
 .text.vUSART_init
                0x00006500       0x9a usart.o
                0x00006500                vUSART_init
 .text.vUSART_send
                0x0000659a       0x48 usart.o
                0x0000659a                vUSART_send
 .text.vUSART_set_receive_callback
                0x000065e2        0xa usart.o
                0x000065e2                vUSART_set_receive_callback
 .text.__vector_51
                0x000065ec       0xd8 usart.o
                0x000065ec                __vector_51
 .text.avr-libc.fplib
                0x000066c4        0xa c:/program files (x86)/atmel/studio/7.0/toolchain/avr8/avr8-gnu-toolchain/bin/../lib/gcc/avr/5.4.0/../../../../avr/lib/avr6\libm.a(addsf3.o)
                0x000066c4                __subsf3
                0x000066c6                __addsf3
 .text.avr-libc.fplib
                0x000066ce       0xc0 c:/program files (x86)/atmel/studio/7.0/toolchain/avr8/avr8-gnu-toolchain/bin/../lib/gcc/avr/5.4.0/../../../../avr/lib/avr6\libm.a(addsf3x.o)
                0x000066e8                __addsf3x
 .text.avr-libc.fplib
                0x0000678e       0x74 c:/program files (x86)/atmel/studio/7.0/toolchain/avr8/avr8-gnu-toolchain/bin/../lib/gcc/avr/5.4.0/../../../../avr/lib/avr6\libm.a(atan2.o)
                0x000067ac                atan2
 .text.avr-libc.fplib
                0x00006802       0x50 c:/program files (x86)/atmel/studio/7.0/toolchain/avr8/avr8-gnu-toolchain/bin/../lib/gcc/avr/5.4.0/../../../../avr/lib/avr6\libm.a(atan.o)
                0x00006802                atan
 .text.avr-libc.fplib
                0x00006852        0x8 c:/program files (x86)/atmel/studio/7.0/toolchain/avr8/avr8-gnu-toolchain/bin/../lib/gcc/avr/5.4.0/../../../../avr/lib/avr6\libm.a(cmpsf2.o)
                0x00006852                __nesf2
                0x00006852                __eqsf2
                0x00006852                __cmpsf2
                0x00006852                __ltsf2
                0x00006852                __lesf2
 .text.avr-libc.fplib
                0x0000685a        0x6 c:/program files (x86)/atmel/studio/7.0/toolchain/avr8/avr8-gnu-toolchain/bin/../lib/gcc/avr/5.4.0/../../../../avr/lib/avr6\libm.a(cos.o)
                0x0000685a                cos
 .text.avr-libc.fplib
                0x00006860        0x4 c:/program files (x86)/atmel/studio/7.0/toolchain/avr8/avr8-gnu-toolchain/bin/../lib/gcc/avr/5.4.0/../../../../avr/lib/avr6\libm.a(divsf3.o)
                0x00006860                __divsf3
 .text.avr-libc.fplib
                0x00006864       0xcc c:/program files (x86)/atmel/studio/7.0/toolchain/avr8/avr8-gnu-toolchain/bin/../lib/gcc/avr/5.4.0/../../../../avr/lib/avr6\libm.a(divsf3x.o)
                0x0000687a                __divsf3x
                0x0000687e                __divsf3_pse
 .text.avr-libc.fplib
                0x00006930        0xa c:/program files (x86)/atmel/studio/7.0/toolchain/avr8/avr8-gnu-toolchain/bin/../lib/gcc/avr/5.4.0/../../../../avr/lib/avr6\libm.a(fixsfsi.o)
                0x00006930                __fixsfsi
 .text.avr-libc.fplib
                0x0000693a       0x58 c:/program files (x86)/atmel/studio/7.0/toolchain/avr8/avr8-gnu-toolchain/bin/../lib/gcc/avr/5.4.0/../../../../avr/lib/avr6\libm.a(fixunssfsi.o)
                0x0000693a                __fixunssfsi
 .text.avr-libc.fplib
                0x00006992       0x7a c:/program files (x86)/atmel/studio/7.0/toolchain/avr8/avr8-gnu-toolchain/bin/../lib/gcc/avr/5.4.0/../../../../avr/lib/avr6\libm.a(floatsisf.o)
                0x00006992                __floatunsisf
                0x00006996                __floatsisf
 .text.avr-libc.fplib
                0x00006a0c       0x48 c:/program files (x86)/atmel/studio/7.0/toolchain/avr8/avr8-gnu-toolchain/bin/../lib/gcc/avr/5.4.0/../../../../avr/lib/avr6\libm.a(fp_cmp.o)
                0x00006a0c                __fp_cmp
 .text.avr-libc.fplib
                0x00006a54        0xc c:/program files (x86)/atmel/studio/7.0/toolchain/avr8/avr8-gnu-toolchain/bin/../lib/gcc/avr/5.4.0/../../../../avr/lib/avr6\libm.a(fp_inf.o)
                0x00006a54                __fp_inf
 .text.avr-libc.fplib
                0x00006a60        0x6 c:/program files (x86)/atmel/studio/7.0/toolchain/avr8/avr8-gnu-toolchain/bin/../lib/gcc/avr/5.4.0/../../../../avr/lib/avr6\libm.a(fp_nan.o)
                0x00006a60                __fp_nan
 .text.avr-libc.fplib
                0x00006a66       0x4a c:/program files (x86)/atmel/studio/7.0/toolchain/avr8/avr8-gnu-toolchain/bin/../lib/gcc/avr/5.4.0/../../../../avr/lib/avr6\libm.a(fp_powser.o)
                0x00006a66                __fp_powser
 .text.avr-libc.fplib
                0x00006ab0        0xe c:/program files (x86)/atmel/studio/7.0/toolchain/avr8/avr8-gnu-toolchain/bin/../lib/gcc/avr/5.4.0/../../../../avr/lib/avr6\libm.a(fp_pscA.o)
                0x00006ab0                __fp_pscA
 .text.avr-libc.fplib
                0x00006abe        0xe c:/program files (x86)/atmel/studio/7.0/toolchain/avr8/avr8-gnu-toolchain/bin/../lib/gcc/avr/5.4.0/../../../../avr/lib/avr6\libm.a(fp_pscB.o)
                0x00006abe                __fp_pscB
 .text.avr-libc.fplib
                0x00006acc       0x50 c:/program files (x86)/atmel/studio/7.0/toolchain/avr8/avr8-gnu-toolchain/bin/../lib/gcc/avr/5.4.0/../../../../avr/lib/avr6\libm.a(fp_rempio2.o)
                0x00006ace                __fp_rempio2
 .text.avr-libc.fplib
                0x00006b1c       0x22 c:/program files (x86)/atmel/studio/7.0/toolchain/avr8/avr8-gnu-toolchain/bin/../lib/gcc/avr/5.4.0/../../../../avr/lib/avr6\libm.a(fp_round.o)
                0x00006b1c                __fp_round
 .text.avr-libc.fplib
                0x00006b3e       0x22 c:/program files (x86)/atmel/studio/7.0/toolchain/avr8/avr8-gnu-toolchain/bin/../lib/gcc/avr/5.4.0/../../../../avr/lib/avr6\libm.a(fp_sinus.o)
                0x00006b3e                __fp_sinus
 .text.avr-libc.fplib
                0x00006b60       0x44 c:/program files (x86)/atmel/studio/7.0/toolchain/avr8/avr8-gnu-toolchain/bin/../lib/gcc/avr/5.4.0/../../../../avr/lib/avr6\libm.a(fp_split3.o)
                0x00006b60                __fp_split3
                0x00006b70                __fp_splitA
 .text.avr-libc.fplib
                0x00006ba4        0xe c:/program files (x86)/atmel/studio/7.0/toolchain/avr8/avr8-gnu-toolchain/bin/../lib/gcc/avr/5.4.0/../../../../avr/lib/avr6\libm.a(fp_zero.o)
                0x00006ba4                __fp_zero
                0x00006ba6                __fp_szero
 .text.avr-libc.fplib
                0x00006bb2        0x8 c:/program files (x86)/atmel/studio/7.0/toolchain/avr8/avr8-gnu-toolchain/bin/../lib/gcc/avr/5.4.0/../../../../avr/lib/avr6\libm.a(gesf2.o)
                0x00006bb2                __gesf2
                0x00006bb2                __gtsf2
 .text.avr-libc.fplib
                0x00006bba        0xe c:/program files (x86)/atmel/studio/7.0/toolchain/avr8/avr8-gnu-toolchain/bin/../lib/gcc/avr/5.4.0/../../../../avr/lib/avr6\libm.a(inverse.o)
                0x00006bba                inverse
 .text.avr-libc.fplib
                0x00006bc8        0x4 c:/program files (x86)/atmel/studio/7.0/toolchain/avr8/avr8-gnu-toolchain/bin/../lib/gcc/avr/5.4.0/../../../../avr/lib/avr6\libm.a(mulsf3.o)
                0x00006bc8                __mulsf3
 .text.avr-libc.fplib
                0x00006bcc       0xc2 c:/program files (x86)/atmel/studio/7.0/toolchain/avr8/avr8-gnu-toolchain/bin/../lib/gcc/avr/5.4.0/../../../../avr/lib/avr6\libm.a(mulsf3x.o)
                0x00006be0                __mulsf3x
                0x00006be4                __mulsf3_pse
 .text.avr-libc.fplib
                0x00006c8e        0xc c:/program files (x86)/atmel/studio/7.0/toolchain/avr8/avr8-gnu-toolchain/bin/../lib/gcc/avr/5.4.0/../../../../avr/lib/avr6\libm.a(sin.o)
                0x00006c8e                sin
 .text.avr-libc.fplib
                0x00006c9a       0x84 c:/program files (x86)/atmel/studio/7.0/toolchain/avr8/avr8-gnu-toolchain/bin/../lib/gcc/avr/5.4.0/../../../../avr/lib/avr6\libm.a(sqrt.o)
                0x00006ca2                sqrtf
                0x00006ca2                sqrt
 .text.avr-libc.fplib
                0x00006d1e        0x6 c:/program files (x86)/atmel/studio/7.0/toolchain/avr8/avr8-gnu-toolchain/bin/../lib/gcc/avr/5.4.0/../../../../avr/lib/avr6\libm.a(square.o)
                0x00006d1e                square
 .text.avr-libc.fplib
                0x00006d24       0x1c c:/program files (x86)/atmel/studio/7.0/toolchain/avr8/avr8-gnu-toolchain/bin/../lib/gcc/avr/5.4.0/../../../../avr/lib/avr6\libm.a(fp_mpack.o)
                0x00006d24                __fp_mpack
                0x00006d28                __fp_mpack_finite
 .text.avr-libc.fplib
                0x00006d40        0xe c:/program files (x86)/atmel/studio/7.0/toolchain/avr8/avr8-gnu-toolchain/bin/../lib/gcc/avr/5.4.0/../../../../avr/lib/avr6\libm.a(fp_norm2.o)
                0x00006d40                __fp_norm2
 .text.avr-libc.fplib
                0x00006d4e       0x22 c:/program files (x86)/atmel/studio/7.0/toolchain/avr8/avr8-gnu-toolchain/bin/../lib/gcc/avr/5.4.0/../../../../avr/lib/avr6\libm.a(fp_powsodd.o)
                0x00006d4e                __fp_powsodd
 .text.avr-libc
                0x00006d70      0x712 c:/program files (x86)/atmel/studio/7.0/toolchain/avr8/avr8-gnu-toolchain/bin/../lib/gcc/avr/5.4.0/../../../../avr/lib/avr6\libprintf_flt.a(vfprintf_flt.o)
                0x00006d70                vfprintf
 .text.libgcc.div
                0x00007482       0x26 c:/program files (x86)/atmel/studio/7.0/toolchain/avr8/avr8-gnu-toolchain/bin/../lib/gcc/avr/5.4.0/avr6\libgcc.a(_divmodhi4.o)
                0x00007482                _div
                0x00007482                __divmodhi4
 .text.libgcc.mul
                0x000074a8       0x1e c:/program files (x86)/atmel/studio/7.0/toolchain/avr8/avr8-gnu-toolchain/bin/../lib/gcc/avr/5.4.0/avr6\libgcc.a(_umulhisi3.o)
                0x000074a8                __umulhisi3
 .text.libgcc.div
                0x000074c6       0x28 c:/program files (x86)/atmel/studio/7.0/toolchain/avr8/avr8-gnu-toolchain/bin/../lib/gcc/avr/5.4.0/avr6\libgcc.a(_udivmodhi4.o)
                0x000074c6                __udivmodhi4
 .text.avr-libc
                0x000074ee      0x1b0 c:/program files (x86)/atmel/studio/7.0/toolchain/avr8/avr8-gnu-toolchain/bin/../lib/gcc/avr/5.4.0/../../../../avr/lib/avr6\libc.a(ftoa_engine.o)
                0x000074ee                __ftoa_engine
 .text.avr-libc
                0x0000769e       0x16 c:/program files (x86)/atmel/studio/7.0/toolchain/avr8/avr8-gnu-toolchain/bin/../lib/gcc/avr/5.4.0/../../../../avr/lib/avr6\libc.a(strnlen_P.o)
                0x0000769e                strnlen_P
 .text.avr-libc
                0x000076b4       0x12 c:/program files (x86)/atmel/studio/7.0/toolchain/avr8/avr8-gnu-toolchain/bin/../lib/gcc/avr/5.4.0/../../../../avr/lib/avr6\libc.a(memcpy.o)
                0x000076b4                memcpy
 .text.avr-libc
                0x000076c6        0xe c:/program files (x86)/atmel/studio/7.0/toolchain/avr8/avr8-gnu-toolchain/bin/../lib/gcc/avr/5.4.0/../../../../avr/lib/avr6\libc.a(memset.o)
                0x000076c6                memset
 .text.avr-libc
                0x000076d4       0x16 c:/program files (x86)/atmel/studio/7.0/toolchain/avr8/avr8-gnu-toolchain/bin/../lib/gcc/avr/5.4.0/../../../../avr/lib/avr6\libc.a(strnlen.o)
                0x000076d4                strnlen
 .text.avr-libc
                0x000076ea       0x78 c:/program files (x86)/atmel/studio/7.0/toolchain/avr8/avr8-gnu-toolchain/bin/../lib/gcc/avr/5.4.0/../../../../avr/lib/avr6\libc.a(fputc.o)
                0x000076ea                fputc
 .text.avr-libc
                0x00007762       0x50 c:/program files (x86)/atmel/studio/7.0/toolchain/avr8/avr8-gnu-toolchain/bin/../lib/gcc/avr/5.4.0/../../../../avr/lib/avr6\libc.a(vsprintf.o)
                0x00007762                vsprintf
 .text.avr-libc
                0x000077b2       0xbc c:/program files (x86)/atmel/studio/7.0/toolchain/avr8/avr8-gnu-toolchain/bin/../lib/gcc/avr/5.4.0/../../../../avr/lib/avr6\libc.a(ultoa_invert.o)
                0x000077b2                __ultoa_invert
                0x0000786e                . = ALIGN (0x2)
 *(.fini9)
 .fini9         0x0000786e        0x0 c:/program files (x86)/atmel/studio/7.0/toolchain/avr8/avr8-gnu-toolchain/bin/../lib/gcc/avr/5.4.0/avr6\libgcc.a(_exit.o)
                0x0000786e                _exit
                0x0000786e                exit
 *(.fini9)
 *(.fini8)
 *(.fini8)
 *(.fini7)
 *(.fini7)
 *(.fini6)
 *(.fini6)
 *(.fini5)
 *(.fini5)
 *(.fini4)
 *(.fini4)
 *(.fini3)
 *(.fini3)
 *(.fini2)
 *(.fini2)
 *(.fini1)
 *(.fini1)
 *(.fini0)
 .fini0         0x0000786e        0x4 c:/program files (x86)/atmel/studio/7.0/toolchain/avr8/avr8-gnu-toolchain/bin/../lib/gcc/avr/5.4.0/avr6\libgcc.a(_exit.o)
 *(.fini0)
                0x00007872                _etext = .

.data           0x00800200      0x58c load address 0x00007872
                0x00800200                PROVIDE (__data_start, .)
 *(.data)
 *(.data*)
 .data.ui8_analogToCM
                0x00800200      0x400 distSens_g2d12.o
                0x00800200                ui8_analogToCM
 .data.use_arq  0x00800600        0xb server_communication.o
                0x00800600                use_arq
 *(.gnu.linkonce.d*)
 *(.rodata)
 *(.rodata*)
 .rodata.str1.1
                0x0080060b       0xad main.o
                                 0xb9 (size before relaxing)
 .rodata.DEG_TO_PWM
                0x008006b8       0xb6 servo.o
                0x008006b8                DEG_TO_PWM
 .rodata.str1.1
                0x0080076e        0x5 tasks.o
 .rodata.str1.1
                0x00800773       0x19 usart.o
 *(.gnu.linkonce.r*)
                0x0080078c                . = ALIGN (0x2)
                0x0080078c                _edata = .
                0x0080078c                PROVIDE (__data_end, .)

.bss            0x0080078c     0x14bf
                0x0080078c                PROVIDE (__bss_start, .)
 *(.bss)
 *(.bss*)
 .bss.listening_task
                0x0080078c        0x2 arq.o
 .bss.connections
                0x0080078e       0x8d arq.o
 .bss.xBlockAllocatedBit
                0x0080081b        0x2 heap_4.o
 .bss.xMinimumEverFreeBytesRemaining
                0x0080081d        0x2 heap_4.o
 .bss.xFreeBytesRemaining
                0x0080081f        0x2 heap_4.o
 .bss.pxEnd     0x00800821        0x2 heap_4.o
 .bss.xStart    0x00800823        0x4 heap_4.o
 .bss.ucHeap    0x00800827     0x1200 heap_4.o
 .bss.dummy3    0x00801a27        0x1 main.o
                0x00801a27                dummy3
 .bss.gLeftWheelTicks
                0x00801a28        0x2 main.o
                0x00801a28                gLeftWheelTicks
 .bss.gRightWheelTicks
                0x00801a2a        0x2 main.o
                0x00801a2a                gRightWheelTicks
 .bss.gY_hat    0x00801a2c        0x2 main.o
                0x00801a2c                gY_hat
 .bss.gX_hat    0x00801a2e        0x2 main.o
                0x00801a2e                gX_hat
 .bss.gTheta_hat
                0x00801a30        0x4 main.o
                0x00801a30                gTheta_hat
 .bss.gPaused   0x00801a34        0x1 main.o
                0x00801a34                gPaused
 .bss.gHandshook
                0x00801a35        0x1 main.o
                0x00801a35                gHandshook
 .bss.gISR_leftWheelTicks
                0x00801a36        0x1 main.o
                0x00801a36                gISR_leftWheelTicks
 .bss.gISR_rightWheelTicks
                0x00801a37        0x1 main.o
                0x00801a37                gISR_rightWheelTicks
 .bss.actuationQ
                0x00801a38        0x2 main.o
                0x00801a38                actuationQ
 .bss.scanStatusQ
                0x00801a3a        0x2 main.o
                0x00801a3a                scanStatusQ
 .bss.poseControllerQ
                0x00801a3c        0x2 main.o
                0x00801a3c                poseControllerQ
 .bss.connected
                0x00801a3e        0x1 server_communication.o
                0x00801a3e                connected
 .bss.messages  0x00801a3f       0x69 simple_protocol.o
 .bss.uxSchedulerSuspended
                0x00801aa8        0x1 tasks.o
 .bss.xNextTaskUnblockTime
                0x00801aa9        0x2 tasks.o
 .bss.uxTaskNumber
                0x00801aab        0x1 tasks.o
 .bss.xNumOfOverflows
                0x00801aac        0x1 tasks.o
 .bss.xYieldPending
                0x00801aad        0x1 tasks.o
 .bss.uxPendedTicks
                0x00801aae        0x1 tasks.o
 .bss.xSchedulerRunning
                0x00801aaf        0x1 tasks.o
 .bss.uxTopReadyPriority
                0x00801ab0        0x1 tasks.o
 .bss.xTickCount
                0x00801ab1        0x2 tasks.o
 .bss.uxCurrentNumberOfTasks
                0x00801ab3        0x1 tasks.o
 .bss.xSuspendedTaskList
                0x00801ab4        0x9 tasks.o
 .bss.xPendingReadyList
                0x00801abd        0x9 tasks.o
 .bss.pxOverflowDelayedTaskList
                0x00801ac6        0x2 tasks.o
 .bss.pxDelayedTaskList
                0x00801ac8        0x2 tasks.o
 .bss.xDelayedTaskList2
                0x00801aca        0x9 tasks.o
 .bss.xDelayedTaskList1
                0x00801ad3        0x9 tasks.o
 .bss.pxReadyTasksLists
                0x00801adc       0x36 tasks.o
 .bss.pxCurrentTCB
                0x00801b12        0x2 tasks.o
                0x00801b12                pxCurrentTCB
 .bss.input_buffer.2397
                0x00801b14       0x64 usart.o
 .bss.input_index.2398
                0x00801b78        0x2 usart.o
 .bss.frame_receiver
                0x00801b7a        0x2 usart.o
                0x00801b7a                frame_receiver
 *(COMMON)
 COMMON         0x00801b7c       0x1e imu_LSM6DS3.o
                0x00801b7c                settings
                0x00801b96                allOnesCounter
                0x00801b98                nonSuccessCounter
 COMMON         0x00801b9a       0x26 main.o
                0x00801b9a                xScanLock
                0x00801b9c                xControllerBSem
                0x00801b9e                xTickMutex
                0x00801ba0                xUartMutex
                0x00801ba2                xCommandReadyBSem
                0x00801ba4                xPoseMutex
                0x00801ba6                message_in
 COMMON         0x00801bc0       0x14 network.o
                0x00801bc0                receive_callbacks
 COMMON         0x00801bd4        0x4 port.o
                0x00801bd4                portTickRateHz
                0x00801bd6                ticksRemainingInSec
 COMMON         0x00801bd8        0x1 server_communication.o
                0x00801bd8                server_connection
 COMMON         0x00801bd9        0x2 simple_protocol.o
                0x00801bd9                callback_data_received
 COMMON         0x00801bdb       0x70 usart.o
                0x00801bdb                receive_callback
                0x00801bdd                receive_buffer
                0x00801c41                send_buffer
                0x00801c4b                PROVIDE (__bss_end, .)
                0x00007872                __data_load_start = LOADADDR (.data)
                0x00007dfe                __data_load_end = (__data_load_start + SIZEOF (.data))

.noinit         0x00801c4b        0x0
                [!provide]                PROVIDE (__noinit_start, .)
 *(.noinit*)
                [!provide]                PROVIDE (__noinit_end, .)
                0x00801c4b                _end = .
                [!provide]                PROVIDE (__heap_start, .)

.eeprom         0x00810000        0x0
 *(.eeprom*)
                0x00810000                __eeprom_end = .

.fuse
 *(.fuse)
 *(.lfuse)
 *(.hfuse)
 *(.efuse)

.lock
 *(.lock*)

.signature
 *(.signature*)

.user_signatures
 *(.user_signatures*)

.stab
 *(.stab)

.stabstr
 *(.stabstr)

.stab.excl
 *(.stab.excl)

.stab.exclstr
 *(.stab.exclstr)

.stab.index
 *(.stab.index)

.stab.indexstr
 *(.stab.indexstr)

.comment        0x00000000       0x5c
 *(.comment)
 .comment       0x00000000       0x30 arq.o
                                 0x31 (size before relaxing)
 .comment       0x00000030       0x31 buffer.o
 .comment       0x00000030       0x31 cobs.o
 .comment       0x00000030       0x31 crc.o
 .comment       0x00000030       0x31 distSens_g2d12.o
 .comment       0x00000030       0x31 functions.o
 .comment       0x00000030       0x31 heap_4.o
 .comment       0x00000030       0x31 imu_LSM6DS3.o
 .comment       0x00000030       0x31 LED.o
 .comment       0x00000030       0x31 list.o
 .comment       0x00000030       0x31 main.o
 .comment       0x00000030       0x31 motor.o
 .comment       0x00000030       0x31 network.o
 .comment       0x00000030       0x31 port.o
 .comment       0x00000030       0x31 queue.o
 .comment       0x00000030       0x31 server_communication.o
 .comment       0x00000030       0x31 servo.o
 .comment       0x00000030       0x31 simple_protocol.o
 .comment       0x00000030       0x31 spi.o
 .comment       0x00000030       0x31 tasks.o
 .comment       0x00000030       0x31 usart.o
 .comment       0x00000030       0x2c c:/program files (x86)/atmel/studio/7.0/toolchain/avr8/avr8-gnu-toolchain/bin/../lib/gcc/avr/5.4.0/../../../../avr/lib/avr6\libprintf_flt.a(vfprintf_flt.o)
                                 0x2d (size before relaxing)
 .comment       0x0000005c       0x31 c:/program files (x86)/atmel/studio/7.0/toolchain/avr8/avr8-gnu-toolchain/bin/../lib/gcc/avr/5.4.0/../../../../avr/lib/avr6\libc.a(fputc.o)
 .comment       0x0000005c       0x31 c:/program files (x86)/atmel/studio/7.0/toolchain/avr8/avr8-gnu-toolchain/bin/../lib/gcc/avr/5.4.0/../../../../avr/lib/avr6\libc.a(vsprintf.o)

.note.gnu.avr.deviceinfo
                0x00000000       0x40
 .note.gnu.avr.deviceinfo
                0x00000000       0x40 C:/Program Files (x86)/Atmel/Studio/7.0/Packs/Atmel/ATmega_DFP/1.0.106/gcc/dev/atmega2560/avr6/crtatmega2560.o

.note.gnu.build-id
 *(.note.gnu.build-id)

.debug
 *(.debug)

.line
 *(.line)

.debug_srcinfo
 *(.debug_srcinfo)

.debug_sfnames
 *(.debug_sfnames)

.debug_aranges  0x00000000      0x788
 *(.debug_aranges)
 .debug_aranges
                0x00000000       0x78 arq.o
 .debug_aranges
                0x00000078       0x40 buffer.o
 .debug_aranges
                0x000000b8       0x28 cobs.o
 .debug_aranges
                0x000000e0       0x28 crc.o
 .debug_aranges
                0x00000108       0x30 distSens_g2d12.o
 .debug_aranges
                0x00000138       0x58 functions.o
 .debug_aranges
                0x00000190       0x40 heap_4.o
 .debug_aranges
                0x000001d0       0xe0 imu_LSM6DS3.o
 .debug_aranges
                0x000002b0       0x38 LED.o
 .debug_aranges
                0x000002e8       0x40 list.o
 .debug_aranges
                0x00000328       0x60 main.o
 .debug_aranges
                0x00000388       0x78 motor.o
 .debug_aranges
                0x00000400       0x40 network.o
 .debug_aranges
                0x00000440       0x48 port.o
 .debug_aranges
                0x00000488       0xa0 queue.o
 .debug_aranges
                0x00000528       0x58 server_communication.o
 .debug_aranges
                0x00000580       0x28 servo.o
 .debug_aranges
                0x000005a8       0x30 simple_protocol.o
 .debug_aranges
                0x000005d8       0x30 spi.o
 .debug_aranges
                0x00000608      0x138 tasks.o
 .debug_aranges
                0x00000740       0x48 usart.o

.debug_pubnames
 *(.debug_pubnames)

.debug_info     0x00000000     0xa957
 *(.debug_info .gnu.linkonce.wi.*)
 .debug_info    0x00000000      0xfb6 arq.o
 .debug_info    0x00000fb6      0x35c buffer.o
 .debug_info    0x00001312      0x2da cobs.o
 .debug_info    0x000015ec       0xe8 crc.o
 .debug_info    0x000016d4      0x136 distSens_g2d12.o
 .debug_info    0x0000180a      0x5ff functions.o
 .debug_info    0x00001e09      0x3b7 heap_4.o
 .debug_info    0x000021c0      0xde9 imu_LSM6DS3.o
 .debug_info    0x00002fa9       0xfc LED.o
 .debug_info    0x000030a5      0x2c6 list.o
 .debug_info    0x0000336b     0x1afb main.o
 .debug_info    0x00004e66      0x352 motor.o
 .debug_info    0x000051b8      0x5cf network.o
 .debug_info    0x00005787      0x294 port.o
 .debug_info    0x00005a1b     0x1819 queue.o
 .debug_info    0x00007234      0x7d5 server_communication.o
 .debug_info    0x00007a09      0x110 servo.o
 .debug_info    0x00007b19      0x3a4 simple_protocol.o
 .debug_info    0x00007ebd       0xee spi.o
 .debug_info    0x00007fab     0x22ea tasks.o
 .debug_info    0x0000a295      0x6c2 usart.o

.debug_abbrev   0x00000000     0x215d
 *(.debug_abbrev)
 .debug_abbrev  0x00000000      0x2ac arq.o
 .debug_abbrev  0x000002ac      0x122 buffer.o
 .debug_abbrev  0x000003ce       0xe0 cobs.o
 .debug_abbrev  0x000004ae       0xb4 crc.o
 .debug_abbrev  0x00000562       0xac distSens_g2d12.o
 .debug_abbrev  0x0000060e      0x191 functions.o
 .debug_abbrev  0x0000079f      0x1ea heap_4.o
 .debug_abbrev  0x00000989      0x272 imu_LSM6DS3.o
 .debug_abbrev  0x00000bfb       0x90 LED.o
 .debug_abbrev  0x00000c8b       0xf8 list.o
 .debug_abbrev  0x00000d83      0x308 main.o
 .debug_abbrev  0x0000108b       0xe6 motor.o
 .debug_abbrev  0x00001171      0x1ba network.o
 .debug_abbrev  0x0000132b      0x151 port.o
 .debug_abbrev  0x0000147c      0x28b queue.o
 .debug_abbrev  0x00001707      0x200 server_communication.o
 .debug_abbrev  0x00001907       0xa3 servo.o
 .debug_abbrev  0x000019aa      0x197 simple_protocol.o
 .debug_abbrev  0x00001b41       0xb7 spi.o
 .debug_abbrev  0x00001bf8      0x379 tasks.o
 .debug_abbrev  0x00001f71      0x1ec usart.o

.debug_line     0x00000000     0x63ba
 *(.debug_line .debug_line.* .debug_line_end)
 .debug_line    0x00000000      0x6d5 arq.o
 .debug_line    0x000006d5      0x25f buffer.o
 .debug_line    0x00000934      0x328 cobs.o
 .debug_line    0x00000c5c       0x9c crc.o
 .debug_line    0x00000cf8      0x13c distSens_g2d12.o
 .debug_line    0x00000e34      0x342 functions.o
 .debug_line    0x00001176      0x31a heap_4.o
 .debug_line    0x00001490      0x7f9 imu_LSM6DS3.o
 .debug_line    0x00001c89      0x16f LED.o
 .debug_line    0x00001df8      0x1cb list.o
 .debug_line    0x00001fc3      0xd49 main.o
 .debug_line    0x00002d0c      0x319 motor.o
 .debug_line    0x00003025      0x287 network.o
 .debug_line    0x000032ac      0x2bf port.o
 .debug_line    0x0000356b     0x1046 queue.o
 .debug_line    0x000045b1      0x377 server_communication.o
 .debug_line    0x00004928       0xfb servo.o
 .debug_line    0x00004a23      0x1d7 simple_protocol.o
 .debug_line    0x00004bfa      0x112 spi.o
 .debug_line    0x00004d0c     0x1460 tasks.o
 .debug_line    0x0000616c      0x24e usart.o

.debug_frame    0x00000000     0x1930
 *(.debug_frame)
 .debug_frame   0x00000000      0x20c arq.o
 .debug_frame   0x0000020c       0xe0 buffer.o
 .debug_frame   0x000002ec       0x88 cobs.o
 .debug_frame   0x00000374       0x48 crc.o
 .debug_frame   0x000003bc       0x44 distSens_g2d12.o
 .debug_frame   0x00000400      0x234 functions.o
 .debug_frame   0x00000634       0x90 heap_4.o
 .debug_frame   0x000006c4      0x304 imu_LSM6DS3.o
 .debug_frame   0x000009c8       0x54 LED.o
 .debug_frame   0x00000a1c       0x88 list.o
 .debug_frame   0x00000aa4      0x15c main.o
 .debug_frame   0x00000c00       0xe8 motor.o
 .debug_frame   0x00000ce8       0xc0 network.o
 .debug_frame   0x00000da8       0x74 port.o
 .debug_frame   0x00000e1c      0x2c0 queue.o
 .debug_frame   0x000010dc       0xf8 server_communication.o
 .debug_frame   0x000011d4       0x34 servo.o
 .debug_frame   0x00001208       0xb0 simple_protocol.o
 .debug_frame   0x000012b8       0x50 spi.o
 .debug_frame   0x00001308      0x4ec tasks.o
 .debug_frame   0x000017f4      0x13c usart.o

.debug_str      0x00000000     0x310f
 *(.debug_str)
 .debug_str     0x00000000      0x507 arq.o
                                0x57e (size before relaxing)
 .debug_str     0x00000507       0x2e buffer.o
                                0x202 (size before relaxing)
 .debug_str     0x00000535      0x1dc cobs.o
                                0x353 (size before relaxing)
 .debug_str     0x00000711       0x2c crc.o
                                0x130 (size before relaxing)
 .debug_str     0x0000073d       0x9b distSens_g2d12.o
                                0x216 (size before relaxing)
 .debug_str     0x000007d8      0x1aa functions.o
                                0x33c (size before relaxing)
 .debug_str     0x00000982      0x1d4 heap_4.o
                                0x369 (size before relaxing)
 .debug_str     0x00000b56      0xa48 imu_LSM6DS3.o
                                0xbe6 (size before relaxing)
 .debug_str     0x0000159e       0x49 LED.o
                                0x1b2 (size before relaxing)
 .debug_str     0x000015e7      0x12a list.o
                                0x2b5 (size before relaxing)
 .debug_str     0x00001711      0xa74 main.o
                                0xdbc (size before relaxing)
 .debug_str     0x00002185       0xed motor.o
                                0x318 (size before relaxing)
 .debug_str     0x00002272       0x9d network.o
                                0x3e3 (size before relaxing)
 .debug_str     0x0000230f      0x12f port.o
                                0x2db (size before relaxing)
 .debug_str     0x0000243e      0x404 queue.o
                                0x747 (size before relaxing)
 .debug_str     0x00002842       0xc5 server_communication.o
                                0x4d0 (size before relaxing)
 .debug_str     0x00002907       0x34 servo.o
                                0x1cb (size before relaxing)
 .debug_str     0x0000293b       0x70 simple_protocol.o
                                0x2b1 (size before relaxing)
 .debug_str     0x000029ab       0x2b spi.o
                                0x1bf (size before relaxing)
 .debug_str     0x000029d6      0x6b7 tasks.o
                                0xcb9 (size before relaxing)
 .debug_str     0x0000308d       0x82 usart.o
                                0x409 (size before relaxing)

.debug_loc      0x00000000     0xb685
 *(.debug_loc)
 .debug_loc     0x00000000      0xc33 arq.o
 .debug_loc     0x00000c33      0x58c buffer.o
 .debug_loc     0x000011bf      0xb62 cobs.o
 .debug_loc     0x00001d21      0x1bb crc.o
 .debug_loc     0x00001edc       0xa3 distSens_g2d12.o
 .debug_loc     0x00001f7f     0x1361 functions.o
 .debug_loc     0x000032e0      0x3ec heap_4.o
 .debug_loc     0x000036cc      0xd5d imu_LSM6DS3.o
 .debug_loc     0x00004429      0x126 LED.o
 .debug_loc     0x0000454f      0x145 list.o
 .debug_loc     0x00004694     0x184c main.o
 .debug_loc     0x00005ee0      0x2c9 motor.o
 .debug_loc     0x000061a9      0x321 network.o
 .debug_loc     0x000064ca      0x2e8 port.o
 .debug_loc     0x000067b2     0x19f1 queue.o
 .debug_loc     0x000081a3      0x62b server_communication.o
 .debug_loc     0x000087ce       0x71 servo.o
 .debug_loc     0x0000883f      0x38f simple_protocol.o
 .debug_loc     0x00008bce       0xa0 spi.o
 .debug_loc     0x00008c6e     0x26a1 tasks.o
 .debug_loc     0x0000b30f      0x376 usart.o

.debug_macinfo
 *(.debug_macinfo)

.debug_weaknames
 *(.debug_weaknames)

.debug_funcnames
 *(.debug_funcnames)

.debug_typenames
 *(.debug_typenames)

.debug_varnames
 *(.debug_varnames)

.debug_pubtypes
 *(.debug_pubtypes)

.debug_ranges   0x00000000      0x888
 *(.debug_ranges)
 .debug_ranges  0x00000000       0x68 arq.o
 .debug_ranges  0x00000068       0x30 buffer.o
 .debug_ranges  0x00000098       0x18 cobs.o
 .debug_ranges  0x000000b0       0x18 crc.o
 .debug_ranges  0x000000c8       0x20 distSens_g2d12.o
 .debug_ranges  0x000000e8       0x48 functions.o
 .debug_ranges  0x00000130       0x30 heap_4.o
 .debug_ranges  0x00000160       0xd0 imu_LSM6DS3.o
 .debug_ranges  0x00000230       0x28 LED.o
 .debug_ranges  0x00000258       0x30 list.o
 .debug_ranges  0x00000288       0x70 main.o
 .debug_ranges  0x000002f8       0x68 motor.o
 .debug_ranges  0x00000360       0x30 network.o
 .debug_ranges  0x00000390       0x38 port.o
 .debug_ranges  0x000003c8      0x140 queue.o
 .debug_ranges  0x00000508       0x48 server_communication.o
 .debug_ranges  0x00000550       0x18 servo.o
 .debug_ranges  0x00000568       0x20 simple_protocol.o
 .debug_ranges  0x00000588       0x20 spi.o
 .debug_ranges  0x000005a8      0x2a8 tasks.o
 .debug_ranges  0x00000850       0x38 usart.o

.debug_macro
 *(.debug_macro)
OUTPUT(Test.elf elf32-avr)
LOAD linker stubs
