Archive member included to satisfy reference by file (symbol)

c:/program files (x86)/atmel/studio/7.0/toolchain/avr8/avr8-gnu-toolchain/bin/../lib/gcc/avr/4.9.2/../../../../avr/lib/avr6\libm.a(addsf3.o)
                              functions.o (__subsf3)
c:/program files (x86)/atmel/studio/7.0/toolchain/avr8/avr8-gnu-toolchain/bin/../lib/gcc/avr/4.9.2/../../../../avr/lib/avr6\libm.a(addsf3x.o)
                              c:/program files (x86)/atmel/studio/7.0/toolchain/avr8/avr8-gnu-toolchain/bin/../lib/gcc/avr/4.9.2/../../../../avr/lib/avr6\libm.a(addsf3.o) (__addsf3x)
c:/program files (x86)/atmel/studio/7.0/toolchain/avr8/avr8-gnu-toolchain/bin/../lib/gcc/avr/4.9.2/../../../../avr/lib/avr6\libm.a(atan2.o)
                              functions.o (atan2)
c:/program files (x86)/atmel/studio/7.0/toolchain/avr8/avr8-gnu-toolchain/bin/../lib/gcc/avr/4.9.2/../../../../avr/lib/avr6\libm.a(atan.o)
                              c:/program files (x86)/atmel/studio/7.0/toolchain/avr8/avr8-gnu-toolchain/bin/../lib/gcc/avr/4.9.2/../../../../avr/lib/avr6\libm.a(atan2.o) (atan)
c:/program files (x86)/atmel/studio/7.0/toolchain/avr8/avr8-gnu-toolchain/bin/../lib/gcc/avr/4.9.2/../../../../avr/lib/avr6\libm.a(cmpsf2.o)
                              main.o (__eqsf2)
c:/program files (x86)/atmel/studio/7.0/toolchain/avr8/avr8-gnu-toolchain/bin/../lib/gcc/avr/4.9.2/../../../../avr/lib/avr6\libm.a(cos.o)
                              functions.o (cos)
c:/program files (x86)/atmel/studio/7.0/toolchain/avr8/avr8-gnu-toolchain/bin/../lib/gcc/avr/4.9.2/../../../../avr/lib/avr6\libm.a(divsf3.o)
                              functions.o (__divsf3)
c:/program files (x86)/atmel/studio/7.0/toolchain/avr8/avr8-gnu-toolchain/bin/../lib/gcc/avr/4.9.2/../../../../avr/lib/avr6\libm.a(divsf3x.o)
                              c:/program files (x86)/atmel/studio/7.0/toolchain/avr8/avr8-gnu-toolchain/bin/../lib/gcc/avr/4.9.2/../../../../avr/lib/avr6\libm.a(divsf3.o) (__divsf3x)
c:/program files (x86)/atmel/studio/7.0/toolchain/avr8/avr8-gnu-toolchain/bin/../lib/gcc/avr/4.9.2/../../../../avr/lib/avr6\libm.a(fixsfsi.o)
                              functions.o (__fixsfsi)
c:/program files (x86)/atmel/studio/7.0/toolchain/avr8/avr8-gnu-toolchain/bin/../lib/gcc/avr/4.9.2/../../../../avr/lib/avr6\libm.a(fixunssfsi.o)
                              main.o (__fixunssfsi)
c:/program files (x86)/atmel/studio/7.0/toolchain/avr8/avr8-gnu-toolchain/bin/../lib/gcc/avr/4.9.2/../../../../avr/lib/avr6\libm.a(floatsisf.o)
                              functions.o (__floatunsisf)
c:/program files (x86)/atmel/studio/7.0/toolchain/avr8/avr8-gnu-toolchain/bin/../lib/gcc/avr/4.9.2/../../../../avr/lib/avr6\libm.a(fp_cmp.o)
                              c:/program files (x86)/atmel/studio/7.0/toolchain/avr8/avr8-gnu-toolchain/bin/../lib/gcc/avr/4.9.2/../../../../avr/lib/avr6\libm.a(cmpsf2.o) (__fp_cmp)
c:/program files (x86)/atmel/studio/7.0/toolchain/avr8/avr8-gnu-toolchain/bin/../lib/gcc/avr/4.9.2/../../../../avr/lib/avr6\libm.a(fp_inf.o)
                              c:/program files (x86)/atmel/studio/7.0/toolchain/avr8/avr8-gnu-toolchain/bin/../lib/gcc/avr/4.9.2/../../../../avr/lib/avr6\libm.a(addsf3x.o) (__fp_inf)
c:/program files (x86)/atmel/studio/7.0/toolchain/avr8/avr8-gnu-toolchain/bin/../lib/gcc/avr/4.9.2/../../../../avr/lib/avr6\libm.a(fp_nan.o)
                              c:/program files (x86)/atmel/studio/7.0/toolchain/avr8/avr8-gnu-toolchain/bin/../lib/gcc/avr/4.9.2/../../../../avr/lib/avr6\libm.a(addsf3x.o) (__fp_nan)
c:/program files (x86)/atmel/studio/7.0/toolchain/avr8/avr8-gnu-toolchain/bin/../lib/gcc/avr/4.9.2/../../../../avr/lib/avr6\libm.a(fp_powser.o)
                              c:/program files (x86)/atmel/studio/7.0/toolchain/avr8/avr8-gnu-toolchain/bin/../lib/gcc/avr/4.9.2/../../../../avr/lib/avr6\libm.a(atan.o) (__fp_powser)
c:/program files (x86)/atmel/studio/7.0/toolchain/avr8/avr8-gnu-toolchain/bin/../lib/gcc/avr/4.9.2/../../../../avr/lib/avr6\libm.a(fp_pscA.o)
                              c:/program files (x86)/atmel/studio/7.0/toolchain/avr8/avr8-gnu-toolchain/bin/../lib/gcc/avr/4.9.2/../../../../avr/lib/avr6\libm.a(addsf3x.o) (__fp_pscA)
c:/program files (x86)/atmel/studio/7.0/toolchain/avr8/avr8-gnu-toolchain/bin/../lib/gcc/avr/4.9.2/../../../../avr/lib/avr6\libm.a(fp_pscB.o)
                              c:/program files (x86)/atmel/studio/7.0/toolchain/avr8/avr8-gnu-toolchain/bin/../lib/gcc/avr/4.9.2/../../../../avr/lib/avr6\libm.a(addsf3x.o) (__fp_pscB)
c:/program files (x86)/atmel/studio/7.0/toolchain/avr8/avr8-gnu-toolchain/bin/../lib/gcc/avr/4.9.2/../../../../avr/lib/avr6\libm.a(fp_rempio2.o)
                              c:/program files (x86)/atmel/studio/7.0/toolchain/avr8/avr8-gnu-toolchain/bin/../lib/gcc/avr/4.9.2/../../../../avr/lib/avr6\libm.a(cos.o) (__fp_rempio2)
c:/program files (x86)/atmel/studio/7.0/toolchain/avr8/avr8-gnu-toolchain/bin/../lib/gcc/avr/4.9.2/../../../../avr/lib/avr6\libm.a(fp_round.o)
[...]
Memory Configuration

Name             Origin             Length             Attributes
text             0x00000000         0x00100000         xr
data             0x00800200         0x0000fe00         rw !x
eeprom           0x00810000         0x00010000         rw !x
fuse             0x00820000         0x00000400         rw !x
lock             0x00830000         0x00000400         rw !x
signature        0x00840000         0x00000400         rw !x
user_signatures  0x00850000         0x00000400         rw !x
*default*        0x00000000         0xffffffff

Linker script and memory map

Address of section .data set to 0x800200
LOAD C:/Program Files (x86)/Atmel/Studio/7.0/Packs/atmel/ATmega_DFP/1.0.106/gcc/dev/atmega2560/avr6/crtatmega2560.o
LOAD com_HMC5883L.o
LOAD croutine.o
LOAD distSens_g2d12.o
LOAD event_groups.o
LOAD functions.o
LOAD heap_1.o
LOAD hooks.o
LOAD imu_LSM6DS3.o
LOAD LED.o
LOAD list.o
LOAD main.o
LOAD motor.o
LOAD port.o
LOAD queue.o
LOAD servo.o
LOAD spi.o
LOAD tasks.o
LOAD timers.o
LOAD twi_master.o
LOAD usart.o
START GROUP
LOAD c:/program files (x86)/atmel/studio/7.0/toolchain/avr8/avr8-gnu-toolchain/bin/../lib/gcc/avr/4.9.2/../../../../avr/lib/avr6\libm.a
END GROUP
START GROUP
LOAD c:/program files (x86)/atmel/studio/7.0/toolchain/avr8/avr8-gnu-toolchain/bin/../lib/gcc/avr/4.9.2/avr6\libgcc.a
LOAD c:/program files (x86)/atmel/studio/7.0/toolchain/avr8/avr8-gnu-toolchain/bin/../lib/gcc/avr/4.9.2/../../../../avr/lib/avr6\libm.a
LOAD c:/program files (x86)/atmel/studio/7.0/toolchain/avr8/avr8-gnu-toolchain/bin/../lib/gcc/avr/4.9.2/../../../../avr/lib/avr6\libc.a
LOAD C:/Program Files (x86)/Atmel/Studio/7.0/Packs/atmel/ATmega_DFP/1.0.106/gcc/dev/atmega2560/avr6\libatmega2560.a
END GROUP
                0x00100000                __TEXT_REGION_LENGTH__ = DEFINED (__TEXT_REGION_LENGTH__)?__TEXT_REGION_LENGTH__:0x100000
                0x0000fe00                __DATA_REGION_LENGTH__ = DEFINED (__DATA_REGION_LENGTH__)?__DATA_REGION_LENGTH__:0xfe00
                0x00010000                __EEPROM_REGION_LENGTH__ = DEFINED (__EEPROM_REGION_LENGTH__)?__EEPROM_REGION_LENGTH__:0x10000
                0x00000400                __FUSE_REGION_LENGTH__ = DEFINED (__FUSE_REGION_LENGTH__)?__FUSE_REGION_LENGTH__:0x400
                0x00000400                __LOCK_REGION_LENGTH__ = DEFINED (__LOCK_REGION_LENGTH__)?__LOCK_REGION_LENGTH__:0x400
                0x00000400                __SIGNATURE_REGION_LENGTH__ = DEFINED (__SIGNATURE_REGION_LENGTH__)?__SIGNATURE_REGION_LENGTH__:0x400
                0x00000400                __USER_SIGNATURE_REGION_LENGTH__ = DEFINED (__USER_SIGNATURE_REGION_LENGTH__)?__USER_SIGNATURE_REGION_LENGTH__:0x400

.hash
 *(.hash)

.dynsym
 *(.dynsym)

.dynstr
 *(.dynstr)

.gnu.version
 *(.gnu.version)

.gnu.version_d
 *(.gnu.version_d)

.gnu.version_r
 *(.gnu.version_r)

.rel.init
 *(.rel.init)

.rela.init
 *(.rela.init)

.rel.text
 *(.rel.text)
 *(.rel.text.*)
 *(.rel.gnu.linkonce.t*)

.rela.text
 *(.rela.text)
 *(.rela.text.*)
 *(.rela.gnu.linkonce.t*)

.rel.fini
 *(.rel.fini)

.rela.fini
 *(.rela.fini)

.rel.rodata
 *(.rel.rodata)
 *(.rel.rodata.*)
 *(.rel.gnu.linkonce.r*)

.rela.rodata
 *(.rela.rodata)
 *(.rela.rodata.*)
 *(.rela.gnu.linkonce.r*)

.rel.data
 *(.rel.data)
 *(.rel.data.*)
 *(.rel.gnu.linkonce.d*)

.rela.data
 *(.rela.data)
 *(.rela.data.*)
 *(.rela.gnu.linkonce.d*)

.rel.ctors
 *(.rel.ctors)

.rela.ctors
 *(.rela.ctors)

.rel.dtors
 *(.rel.dtors)

.rela.dtors
 *(.rela.dtors)

.rel.got
 *(.rel.got)

.rela.got
 *(.rela.got)

.rel.bss
 *(.rel.bss)

.rela.bss
 *(.rela.bss)

.rel.plt
 *(.rel.plt)

.rela.plt
 *(.rela.plt)

.text           0x00000000     0x519c
 *(.vectors)
 .vectors       0x00000000       0xe4 C:/Program Files (x86)/Atmel/Studio/7.0/Packs/atmel/ATmega_DFP/1.0.106/gcc/dev/atmega2560/avr6/crtatmega2560.o
                0x00000000                __vector_default
                0x00000000                __vectors
 *(.vectors)
 *(.progmem.gcc*)
 .progmem.gcc_sw_table.vMotorMovementSwitch
                0x000000e4       0x10 motor.o
 .progmem.gcc_fplib
                0x000000f4       0x2d c:/program files (x86)/atmel/studio/7.0/toolchain/avr8/avr8-gnu-toolchain/bin/../lib/gcc/avr/4.9.2/../../../../avr/lib/avr6\libm.a(atan.o)
 .progmem.gcc_fplib
                0x00000121       0x1e c:/program files (x86)/atmel/studio/7.0/toolchain/avr8/avr8-gnu-toolchain/bin/../lib/gcc/avr/4.9.2/../../../../avr/lib/avr6\libm.a(fp_sinus.o)
                0x00000140                . = ALIGN (0x2)
 *fill*         0x0000013f        0x1 
                0x00000140                __trampolines_start = .
 *(.trampolines)
 .trampolines   0x00000140        0x0 linker stubs
 *(.trampolines*)
                0x00000140                __trampolines_end = .
 *libprintf_flt.a:*(.progmem.data)
 *libc.a:*(.progmem.data)
 *(.progmem*)
                0x00000140                . = ALIGN (0x2)
 *(.jumptables)
 *(.jumptables*)
 *(.lowtext)
 .lowtext       0x00000140        0xe tasks.o
 *(.lowtext*)
                0x0000014e                __ctors_start = .
 *(.ctors)
                0x0000014e                __ctors_end = .
                0x0000014e                __dtors_start = .
 *(.dtors)
                0x0000014e                __dtors_end = .
 SORT(*)(.ctors)
 SORT(*)(.dtors)
 *(.init0)
 .init0         0x0000014e        0x0 C:/Program Files (x86)/Atmel/Studio/7.0/Packs/atmel/ATmega_DFP/1.0.106/gcc/dev/atmega2560/avr6/crtatmega2560.o
                0x0000014e                __init
 *(.init0)
 *(.init1)
 *(.init1)
 *(.init2)
 .init2         0x0000014e       0x10 C:/Program Files (x86)/Atmel/Studio/7.0/Packs/atmel/ATmega_DFP/1.0.106/gcc/dev/atmega2560/avr6/crtatmega2560.o
 *(.init2)
 *(.init3)
 *(.init3)
 *(.init4)
 .init4         0x0000015e       0x1a c:/program files (x86)/atmel/studio/7.0/toolchain/avr8/avr8-gnu-toolchain/bin/../lib/gcc/avr/4.9.2/avr6\libgcc.a(_copy_data.o)
                0x0000015e                __do_copy_data
 .init4         0x00000178       0x10 c:/program files (x86)/atmel/studio/7.0/toolchain/avr8/avr8-gnu-toolchain/bin/../lib/gcc/avr/4.9.2/avr6\libgcc.a(_clear_bss.o)
                0x00000178                __do_clear_bss
 *(.init4)
 *(.init5)
 *(.init5)
 *(.init6)
 *(.init6)
 *(.init7)
 *(.init7)
 *(.init8)
 *(.init8)
 *(.init9)
 .init9         0x00000188        0x8 C:/Program Files (x86)/Atmel/Studio/7.0/Packs/atmel/ATmega_DFP/1.0.106/gcc/dev/atmega2560/avr6/crtatmega2560.o
 *(.init9)
 *(.text)
 .text          0x00000190        0x2 C:/Program Files (x86)/Atmel/Studio/7.0/Packs/atmel/ATmega_DFP/1.0.106/gcc/dev/atmega2560/avr6/crtatmega2560.o
                0x00000190                __vector_38
                0x00000190                __vector_22
                0x00000190                __vector_28
                0x00000190                __vector_1
                0x00000190                __vector_34
                0x00000190                __vector_24
                0x00000190                __vector_12
                0x00000190                __vector_55
                0x00000190                __vector_46
                0x00000190                __bad_interrupt
                0x00000190                __vector_6
                0x00000190                __vector_31
                0x00000190                __vector_35
                0x00000190                __vector_39
                0x00000190                __vector_23
                0x00000190                __vector_30
                0x00000190                __vector_45
                0x00000190                __vector_25
                0x00000190                __vector_11
                0x00000190                __vector_54
                0x00000190                __vector_13
                0x00000190                __vector_17
                0x00000190                __vector_19
                0x00000190                __vector_56
                0x00000190                __vector_7
                0x00000190                __vector_49
                0x00000190                __vector_41
                0x00000190                __vector_43
                0x00000190                __vector_27
                0x00000190                __vector_33
                0x00000190                __vector_47
                0x00000190                __vector_52
                0x00000190                __vector_37
                0x00000190                __vector_44
                0x00000190                __vector_9
                0x00000190                __vector_2
                0x00000190                __vector_21
                0x00000190                __vector_15
                0x00000190                __vector_36
                0x00000190                __vector_29
                0x00000190                __vector_40
                0x00000190                __vector_8
                0x00000190                __vector_26
                0x00000190                __vector_48
                0x00000190                __vector_14
                0x00000190                __vector_53
                0x00000190                __vector_10
                0x00000190                __vector_50
                0x00000190                __vector_16
                0x00000190                __vector_18
                0x00000190                __vector_20
                0x00000190                __vector_42
                0x00000192                . = ALIGN (0x2)
 *(.text.*)
 .text.vCOM_init
                0x00000192       0x46 com_HMC5883L.o
                0x00000192                vCOM_init
 .text.vCOM_getData
                0x000001d8       0x82 com_HMC5883L.o
                0x000001d8                vCOM_getData
 .text.vDistSens_init
                0x0000025a       0x20 distSens_g2d12.o
                0x0000025a                vDistSens_init
 .text.ui8DistSens_readCM
                0x0000027a       0x4e distSens_g2d12.o
                0x0000027a                ui8DistSens_readCM
 .text.vFunc_Inf2pi
                0x000002c8       0x94 functions.o
                0x000002c8                vFunc_Inf2pi
 .text.vFunc_ParseUpdate
                0x0000035c       0x98 functions.o
                0x0000035c                vFunc_ParseUpdate
 .text.hot.pvPortMalloc
                0x000003f4       0x64 heap_1.o
                0x000003f4                pvPortMalloc
 .text.hot.vPortFree
                0x00000458        0x2 heap_1.o
                0x00000458                vPortFree
 .text.sIMU_readRegisterRegion
                0x0000045a       0x66 imu_LSM6DS3.o
                0x0000045a                sIMU_readRegisterRegion
 .text.sIMU_readRegister
                0x000004c0       0x2c imu_LSM6DS3.o
                0x000004c0                sIMU_readRegister
 .text.sIMU_Init
                0x000004ec       0xd8 imu_LSM6DS3.o
                0x000004ec                sIMU_Init
 .text.sIMU_readRegisterInt16
                0x000005c4       0x3a imu_LSM6DS3.o
                0x000005c4                sIMU_readRegisterInt16
 .text.sIMU_writeRegister
                0x000005fe       0x26 imu_LSM6DS3.o
                0x000005fe                sIMU_writeRegister
 .text.sIMU_begin
                0x00000624      0x1d0 imu_LSM6DS3.o
                0x00000624                sIMU_begin
 .text.i16IMU_readRawGyroZ
                0x000007f4       0x50 imu_LSM6DS3.o
                0x000007f4                i16IMU_readRawGyroZ
 .text.fIMU_calcGyro
                0x00000844       0x74 imu_LSM6DS3.o
                0x00000844                fIMU_calcGyro
 .text.fIMU_readFloatGyroZ
                0x000008b8        0x4 imu_LSM6DS3.o
                0x000008b8                fIMU_readFloatGyroZ
 .text.vLED_init
                0x000008bc        0xc LED.o
                0x000008bc                vLED_init
 .text.vLED_singleHigh
                0x000008c8       0x2c LED.o
                0x000008c8                vLED_singleHigh
 .text.vLED_singleLow
                0x000008f4       0x2c LED.o
                0x000008f4                vLED_singleLow
 .text.vLED_toggle
                0x00000920       0x2e LED.o
                0x00000920                vLED_toggle
 .text.hot.vListInitialise
                0x0000094e       0x1c list.o
                0x0000094e                vListInitialise
 .text.hot.vListInitialiseItem
                0x0000096a        0x8 list.o
                0x0000096a                vListInitialiseItem
 .text.hot.vListInsertEnd
                0x00000972       0x42 list.o
                0x00000972                vListInsertEnd
 .text.hot.vListInsert
                0x000009b4       0x70 list.o
                0x000009b4                vListInsert
 .text.hot.uxListRemove
                0x00000a24       0x46 list.o
                0x00000a24                uxListRemove
 .text.vMainCommunicationTask
                0x00000a6a      0x228 main.o
                0x00000a6a                vMainCommunicationTask
 .text.vMainSensorTowerTask
                0x00000c92      0x224 main.o
                0x00000c92                vMainSensorTowerTask
 .text.vMainPoseControllerTask
                0x00000eb6      0x6ae main.o
                0x00000eb6                vMainPoseControllerTask
 .text.vMainPoseEstimatorTask
                0x00001564      0x4dc main.o
                0x00001564                vMainPoseEstimatorTask
 .text.vMainMovementTask
                0x00001a40      0x1fa main.o
                0x00001a40                vMainMovementTask
 .text.vApplicationStackOverflowHook
                0x00001c3a        0xc main.o
                0x00001c3a                vApplicationStackOverflowHook
 .text.startup.main
                0x00001c46      0x13c main.o
                0x00001c46                main
 .text.__vector_4
                0x00001d82       0x22 main.o
                0x00001d82                __vector_4
 .text.__vector_3
                0x00001da4       0x22 main.o
                0x00001da4                __vector_3
 .text.__vector_5
                0x00001dc6       0x9e main.o
                0x00001dc6                __vector_5
 .text.__vector_51
                0x00001e64       0xb8 main.o
                0x00001e64                __vector_51
 .text.vMotor_init
                0x00001f1c       0x7a motor.o
                0x00001f1c                vMotor_init
 .text.vMotorMoveLeftForward
                0x00001f96        0xe motor.o
                0x00001f96                vMotorMoveLeftForward
 .text.vMotorMoveRightForward
                0x00001fa4        0xe motor.o
                0x00001fa4                vMotorMoveRightForward
 .text.vMotorMoveLeftBackward
                0x00001fb2        0xe motor.o
                0x00001fb2                vMotorMoveLeftBackward
 .text.vMotorMoveRightBackward
                0x00001fc0        0xe motor.o
                0x00001fc0                vMotorMoveRightBackward
 .text.vMotorBrakeLeft
                0x00001fce        0xa motor.o
                0x00001fce                vMotorBrakeLeft
 .text.vMotorBrakeRight
                0x00001fd8        0xa motor.o
                0x00001fd8                vMotorBrakeRight
 .text.vMotorMovementSwitch
                0x00001fe2      0x172 motor.o
                0x00001fe2                vMotorMovementSwitch
 .text.vMotorEncoderLeftTickFromISR
                0x00002154       0x28 motor.o
                0x00002154                vMotorEncoderLeftTickFromISR
 .text.vMotorEncoderRightTickFromISR
                0x0000217c       0x28 motor.o
                0x0000217c                vMotorEncoderRightTickFromISR
 .text.hot.pxPortInitialiseStack
                0x000021a4       0xe4 port.o
                0x000021a4                pxPortInitialiseStack
 .text.hot.xPortStartScheduler
                0x00002288       0x90 port.o
                0x00002288                xPortStartScheduler
 .text.hot.vPortYield
                0x00002318       0xc2 port.o
                0x00002318                vPortYield
 .text.hot.vPortYieldFromTick
                0x000023da       0xf0 port.o
                0x000023da                vPortYieldFromTick
 .text.hot.__vector_32
                0x000024ca        0x4 port.o
                0x000024ca                __vector_32
 .text.hot.xQueueGenericCreate
                0x000024ce       0xaa queue.o
                0x000024ce                xQueueGenericCreate
 .text.hot.xQueueCreateMutex
                0x00002578      0x2a4 queue.o
                0x00002578                xQueueCreateMutex
 .text.hot.xQueueGenericSend
                0x0000281c      0x322 queue.o
                0x0000281c                xQueueGenericSend
 .text.hot.xQueueGive
                0x00002b3e      0x27a queue.o
                0x00002b3e                xQueueGive
 .text.hot.xQueueGiveFromISR
                0x00002db8       0x4a queue.o
                0x00002db8                xQueueGiveFromISR
 .text.hot.xQueueGenericReceive
                0x00002e02      0x2de queue.o
                0x00002e02                xQueueGenericReceive
 .text.vServo_setAngle
                0x000030e0       0x20 servo.o
                0x000030e0                vServo_setAngle
 .text.vServo_init
                0x00003100       0x30 servo.o
                0x00003100                vServo_init
 .text.vSPI_MasterInit
                0x00003130       0x1c spi.o
                0x00003130                vSPI_MasterInit
 .text.ui8SPI_MasterTransmit
                0x0000314c        0xe spi.o
                0x0000314c                ui8SPI_MasterTransmit
 .text.hot.xTaskGenericCreate
                0x0000315a      0x1f6 tasks.o
                0x0000315a                xTaskGenericCreate
 .text.hot.vTaskDelayUntil
                0x00003350      0x2f0 tasks.o
                0x00003350                vTaskDelayUntil
 .text.hot.vTaskDelay
                0x00003640      0x2ca tasks.o
                0x00003640                vTaskDelay
 .text.hot.vTaskStartScheduler
                0x0000390a      0x1ba tasks.o
                0x0000390a                vTaskStartScheduler
 .text.hot.vTaskSuspendAll
                0x00003ac4        0xc tasks.o
                0x00003ac4                vTaskSuspendAll
 .text.hot.xTaskResumeAll
                0x00003ad0      0x23a tasks.o
                0x00003ad0                xTaskResumeAll
 .text.hot.xTaskGetTickCount
                0x00003d0a       0x14 tasks.o
                0x00003d0a                xTaskGetTickCount
 .text.hot.xTaskIncrementTick
                0x00003d1e      0x15e tasks.o
                0x00003d1e                xTaskIncrementTick
 .text.hot.vTaskSwitchContext
                0x00003e7c       0xce tasks.o
                0x00003e7c                vTaskSwitchContext
 .text.hot.vTaskPlaceOnEventList
                0x00003f4a       0xb4 tasks.o
                0x00003f4a                vTaskPlaceOnEventList
 .text.hot.xTaskRemoveFromEventList
                0x00003ffe       0x80 tasks.o
                0x00003ffe                xTaskRemoveFromEventList
 .text.hot.vTaskSetTimeOutState
                0x0000407e       0x16 tasks.o
                0x0000407e                vTaskSetTimeOutState
 .text.hot.xTaskCheckForTimeOut
                0x00004094       0x6a tasks.o
                0x00004094                xTaskCheckForTimeOut
 .text.hot.vTaskMissedYield
                0x000040fe        0x8 tasks.o
                0x000040fe                vTaskMissedYield
 .text.hot.vTaskPriorityInherit
                0x00004106       0xb2 tasks.o
                0x00004106                vTaskPriorityInherit
 .text.hot.xTaskPriorityDisinherit
                0x000041b8       0x74 tasks.o
                0x000041b8                xTaskPriorityDisinherit
 .text.hot.pvTaskIncrementMutexHeldCount
                0x0000422c       0x24 tasks.o
                0x0000422c                pvTaskIncrementMutexHeldCount
 .text.vTWI_init
                0x00004250        0x8 twi_master.o
                0x00004250                vTWI_init
 .text.ui8TWI_start
                0x00004258       0x44 twi_master.o
                0x00004258                ui8TWI_start
 .text.ui8TWI_write
                0x0000429c       0x22 twi_master.o
                0x0000429c                ui8TWI_write
 .text.ui8TWI_read_ack
                0x000042be       0x14 twi_master.o
                0x000042be                ui8TWI_read_ack
 .text.ui8TWI_read_nack
                0x000042d2       0x14 twi_master.o
                0x000042d2                ui8TWI_read_nack
 .text.vTWI_stop
                0x000042e6        0x8 twi_master.o
                0x000042e6                vTWI_stop
 .text.uart_putchar
                0x000042ee       0x40 usart.o
 .text.vUSART_init
                0x0000432e       0x30 usart.o
                0x0000432e                vUSART_init
 .text.vUSART_sendC
                0x0000435e       0x12 usart.o
                0x0000435e                vUSART_sendC
 .text.vUSART_sendS
                0x00004370       0x16 usart.o
                0x00004370                vUSART_sendS
 .text.vUSART_sendHandshake
                0x00004386        0x6 usart.o
                0x00004386                vUSART_sendHandshake
 .text.vUSART_sendUpdate
                0x0000438c       0x4c usart.o
                0x0000438c                vUSART_sendUpdate
 .text.avr-libc.fplib
                0x000043d8        0xa c:/program files (x86)/atmel/studio/7.0/toolchain/avr8/avr8-gnu-toolchain/bin/../lib/gcc/avr/4.9.2/../../../../avr/lib/avr6\libm.a(addsf3.o)
                0x000043d8                __subsf3
                0x000043da                __addsf3
 .text.avr-libc.fplib
                0x000043e2       0xc0 c:/program files (x86)/atmel/studio/7.0/toolchain/avr8/avr8-gnu-toolchain/bin/../lib/gcc/avr/4.9.2/../../../../avr/lib/avr6\libm.a(addsf3x.o)
                0x000043fc                __addsf3x
 .text.avr-libc.fplib
                0x000044a2       0x74 c:/program files (x86)/atmel/studio/7.0/toolchain/avr8/avr8-gnu-toolchain/bin/../lib/gcc/avr/4.9.2/../../../../avr/lib/avr6\libm.a(atan2.o)
                0x000044c0                atan2
 .text.avr-libc.fplib
                0x00004516       0x50 c:/program files (x86)/atmel/studio/7.0/toolchain/avr8/avr8-gnu-toolchain/bin/../lib/gcc/avr/4.9.2/../../../../avr/lib/avr6\libm.a(atan.o)
                0x00004516                atan
 .text.avr-libc.fplib
                0x00004566        0x8 c:/program files (x86)/atmel/studio/7.0/toolchain/avr8/avr8-gnu-toolchain/bin/../lib/gcc/avr/4.9.2/../../../../avr/lib/avr6\libm.a(cmpsf2.o)
                0x00004566                __nesf2
                0x00004566                __eqsf2
                0x00004566                __cmpsf2
                0x00004566                __ltsf2
                0x00004566                __lesf2
 .text.avr-libc.fplib
                0x0000456e        0x6 c:/program files (x86)/atmel/studio/7.0/toolchain/avr8/avr8-gnu-toolchain/bin/../lib/gcc/avr/4.9.2/../../../../avr/lib/avr6\libm.a(cos.o)
                0x0000456e                cos
 .text.avr-libc.fplib
                0x00004574        0x4 c:/program files (x86)/atmel/studio/7.0/toolchain/avr8/avr8-gnu-toolchain/bin/../lib/gcc/avr/4.9.2/../../../../avr/lib/avr6\libm.a(divsf3.o)
                0x00004574                __divsf3
 .text.avr-libc.fplib
                0x00004578       0xcc c:/program files (x86)/atmel/studio/7.0/toolchain/avr8/avr8-gnu-toolchain/bin/../lib/gcc/avr/4.9.2/../../../../avr/lib/avr6\libm.a(divsf3x.o)
                0x0000458e                __divsf3x
                0x00004592                __divsf3_pse
 .text.avr-libc.fplib
                0x00004644        0xa c:/program files (x86)/atmel/studio/7.0/toolchain/avr8/avr8-gnu-toolchain/bin/../lib/gcc/avr/4.9.2/../../../../avr/lib/avr6\libm.a(fixsfsi.o)
                0x00004644                __fixsfsi
 .text.avr-libc.fplib
                0x0000464e       0x58 c:/program files (x86)/atmel/studio/7.0/toolchain/avr8/avr8-gnu-toolchain/bin/../lib/gcc/avr/4.9.2/../../../../avr/lib/avr6\libm.a(fixunssfsi.o)
                0x0000464e                __fixunssfsi
 .text.avr-libc.fplib
                0x000046a6       0x7a c:/program files (x86)/atmel/studio/7.0/toolchain/avr8/avr8-gnu-toolchain/bin/../lib/gcc/avr/4.9.2/../../../../avr/lib/avr6\libm.a(floatsisf.o)
                0x000046a6                __floatunsisf
                0x000046aa                __floatsisf
 .text.avr-libc.fplib
                0x00004720       0x48 c:/program files (x86)/atmel/studio/7.0/toolchain/avr8/avr8-gnu-toolchain/bin/../lib/gcc/avr/4.9.2/../../../../avr/lib/avr6\libm.a(fp_cmp.o)
                0x00004720                __fp_cmp
 .text.avr-libc.fplib
                0x00004768        0xc c:/program files (x86)/atmel/studio/7.0/toolchain/avr8/avr8-gnu-toolchain/bin/../lib/gcc/avr/4.9.2/../../../../avr/lib/avr6\libm.a(fp_inf.o)
                0x00004768                __fp_inf
 .text.avr-libc.fplib
                0x00004774        0x6 c:/program files (x86)/atmel/studio/7.0/toolchain/avr8/avr8-gnu-toolchain/bin/../lib/gcc/avr/4.9.2/../../../../avr/lib/avr6\libm.a(fp_nan.o)
                0x00004774                __fp_nan
 .text.avr-libc.fplib
                0x0000477a       0x4a c:/program files (x86)/atmel/studio/7.0/toolchain/avr8/avr8-gnu-toolchain/bin/../lib/gcc/avr/4.9.2/../../../../avr/lib/avr6\libm.a(fp_powser.o)
                0x0000477a                __fp_powser
 .text.avr-libc.fplib
                0x000047c4        0xe c:/program files (x86)/atmel/studio/7.0/toolchain/avr8/avr8-gnu-toolchain/bin/../lib/gcc/avr/4.9.2/../../../../avr/lib/avr6\libm.a(fp_pscA.o)
                0x000047c4                __fp_pscA
 .text.avr-libc.fplib
                0x000047d2        0xe c:/program files (x86)/atmel/studio/7.0/toolchain/avr8/avr8-gnu-toolchain/bin/../lib/gcc/avr/4.9.2/../../../../avr/lib/avr6\libm.a(fp_pscB.o)
                0x000047d2                __fp_pscB
 .text.avr-libc.fplib
                0x000047e0       0x50 c:/program files (x86)/atmel/studio/7.0/toolchain/avr8/avr8-gnu-toolchain/bin/../lib/gcc/avr/4.9.2/../../../../avr/lib/avr6\libm.a(fp_rempio2.o)
                0x000047e2                __fp_rempio2
 .text.avr-libc.fplib
                0x00004830       0x22 c:/program files (x86)/atmel/studio/7.0/toolchain/avr8/avr8-gnu-toolchain/bin/../lib/gcc/avr/4.9.2/../../../../avr/lib/avr6\libm.a(fp_round.o)
                0x00004830                __fp_round
 .text.avr-libc.fplib
                0x00004852       0x22 c:/program files (x86)/atmel/studio/7.0/toolchain/avr8/avr8-gnu-toolchain/bin/../lib/gcc/avr/4.9.2/../../../../avr/lib/avr6\libm.a(fp_sinus.o)
                0x00004852                __fp_sinus
 .text.avr-libc.fplib
                0x00004874       0x44 c:/program files (x86)/atmel/studio/7.0/toolchain/avr8/avr8-gnu-toolchain/bin/../lib/gcc/avr/4.9.2/../../../../avr/lib/avr6\libm.a(fp_split3.o)
                0x00004874                __fp_split3
                0x00004884                __fp_splitA
 .text.avr-libc.fplib
                0x000048b8        0xe c:/program files (x86)/atmel/studio/7.0/toolchain/avr8/avr8-gnu-toolchain/bin/../lib/gcc/avr/4.9.2/../../../../avr/lib/avr6\libm.a(fp_zero.o)
                0x000048b8                __fp_zero
                0x000048ba                __fp_szero
 .text.avr-libc.fplib
                0x000048c6        0x8 c:/program files (x86)/atmel/studio/7.0/toolchain/avr8/avr8-gnu-toolchain/bin/../lib/gcc/avr/4.9.2/../../../../avr/lib/avr6\libm.a(gesf2.o)
                0x000048c6                __gesf2
                0x000048c6                __gtsf2
 .text.avr-libc.fplib
                0x000048ce        0xe c:/program files (x86)/atmel/studio/7.0/toolchain/avr8/avr8-gnu-toolchain/bin/../lib/gcc/avr/4.9.2/../../../../avr/lib/avr6\libm.a(inverse.o)
                0x000048ce                inverse
 .text.avr-libc.fplib
                0x000048dc        0x4 c:/program files (x86)/atmel/studio/7.0/toolchain/avr8/avr8-gnu-toolchain/bin/../lib/gcc/avr/4.9.2/../../../../avr/lib/avr6\libm.a(mulsf3.o)
                0x000048dc                __mulsf3
 .text.avr-libc.fplib
                0x000048e0       0xc2 c:/program files (x86)/atmel/studio/7.0/toolchain/avr8/avr8-gnu-toolchain/bin/../lib/gcc/avr/4.9.2/../../../../avr/lib/avr6\libm.a(mulsf3x.o)
                0x000048f4                __mulsf3x
                0x000048f8                __mulsf3_pse
 .text.avr-libc.fplib
                0x000049a2        0xc c:/program files (x86)/atmel/studio/7.0/toolchain/avr8/avr8-gnu-toolchain/bin/../lib/gcc/avr/4.9.2/../../../../avr/lib/avr6\libm.a(sin.o)
                0x000049a2                sin
 .text.avr-libc.fplib
                0x000049ae       0x84 c:/program files (x86)/atmel/studio/7.0/toolchain/avr8/avr8-gnu-toolchain/bin/../lib/gcc/avr/4.9.2/../../../../avr/lib/avr6\libm.a(sqrt.o)
                0x000049b6                sqrtf
                0x000049b6                sqrt
 .text.avr-libc.fplib
                0x00004a32        0x6 c:/program files (x86)/atmel/studio/7.0/toolchain/avr8/avr8-gnu-toolchain/bin/../lib/gcc/avr/4.9.2/../../../../avr/lib/avr6\libm.a(square.o)
                0x00004a32                square
 .text.avr-libc.fplib
                0x00004a38       0x1c c:/program files (x86)/atmel/studio/7.0/toolchain/avr8/avr8-gnu-toolchain/bin/../lib/gcc/avr/4.9.2/../../../../avr/lib/avr6\libm.a(fp_mpack.o)
                0x00004a38                __fp_mpack
                0x00004a3c                __fp_mpack_finite
 .text.avr-libc.fplib
                0x00004a54        0xe c:/program files (x86)/atmel/studio/7.0/toolchain/avr8/avr8-gnu-toolchain/bin/../lib/gcc/avr/4.9.2/../../../../avr/lib/avr6\libm.a(fp_norm2.o)
                0x00004a54                __fp_norm2
 .text.avr-libc.fplib
                0x00004a62       0x22 c:/program files (x86)/atmel/studio/7.0/toolchain/avr8/avr8-gnu-toolchain/bin/../lib/gcc/avr/4.9.2/../../../../avr/lib/avr6\libm.a(fp_powsodd.o)
                0x00004a62                __fp_powsodd
 .text.libgcc.div
                0x00004a84       0x18 c:/program files (x86)/atmel/studio/7.0/toolchain/avr8/avr8-gnu-toolchain/bin/../lib/gcc/avr/4.9.2/avr6\libgcc.a(_udivmodqi4.o)
                0x00004a84                __udivmodqi4
 .text.libgcc.div
                0x00004a9c       0x28 c:/program files (x86)/atmel/studio/7.0/toolchain/avr8/avr8-gnu-toolchain/bin/../lib/gcc/avr/4.9.2/avr6\libgcc.a(_udivmodhi4.o)
                0x00004a9c                __udivmodhi4
 .text.libgcc.div
                0x00004ac4       0x26 c:/program files (x86)/atmel/studio/7.0/toolchain/avr8/avr8-gnu-toolchain/bin/../lib/gcc/avr/4.9.2/avr6\libgcc.a(_divmodhi4.o)
                0x00004ac4                _div
                0x00004ac4                __divmodhi4
 .text.libgcc   0x00004aea       0x10 c:/program files (x86)/atmel/studio/7.0/toolchain/avr8/avr8-gnu-toolchain/bin/../lib/gcc/avr/4.9.2/avr6\libgcc.a(_tablejump2.o)
                0x00004aea                __tablejump2__
 .text.avr-libc
                0x00004afa       0x3a c:/program files (x86)/atmel/studio/7.0/toolchain/avr8/avr8-gnu-toolchain/bin/../lib/gcc/avr/4.9.2/../../../../avr/lib/avr6\libc.a(atoi.o)
                0x00004afa                atoi
 .text.avr-libc
                0x00004b34        0x6 c:/program files (x86)/atmel/studio/7.0/toolchain/avr8/avr8-gnu-toolchain/bin/../lib/gcc/avr/4.9.2/../../../../avr/lib/avr6\libc.a(strtok.o)
                0x00004b34                strtok
 .text.avr-libc
                0x00004b3a       0x12 c:/program files (x86)/atmel/studio/7.0/toolchain/avr8/avr8-gnu-toolchain/bin/../lib/gcc/avr/4.9.2/../../../../avr/lib/avr6\libc.a(memcpy.o)
                0x00004b3a                memcpy
 .text.avr-libc
                0x00004b4c       0x34 c:/program files (x86)/atmel/studio/7.0/toolchain/avr8/avr8-gnu-toolchain/bin/../lib/gcc/avr/4.9.2/../../../../avr/lib/avr6\libc.a(strstr.o)
                0x00004b4c                strstr
 .text.avr-libc
                0x00004b80       0x4e c:/program files (x86)/atmel/studio/7.0/toolchain/avr8/avr8-gnu-toolchain/bin/../lib/gcc/avr/4.9.2/../../../../avr/lib/avr6\libc.a(strtok_r.o)
                0x00004b80                strtok_r
 .text.avr-libc
                0x00004bce       0x10 c:/program files (x86)/atmel/studio/7.0/toolchain/avr8/avr8-gnu-toolchain/bin/../lib/gcc/avr/4.9.2/../../../../avr/lib/avr6\libc.a(mul10.o)
                0x00004bce                __mulhi_const_10
 .text.avr-libc
                0x00004bde       0x26 c:/program files (x86)/atmel/studio/7.0/toolchain/avr8/avr8-gnu-toolchain/bin/../lib/gcc/avr/4.9.2/../../../../avr/lib/avr6\libc.a(printf.o)
                0x00004bde                printf
 .text.avr-libc
                0x00004c04       0x60 c:/program files (x86)/atmel/studio/7.0/toolchain/avr8/avr8-gnu-toolchain/bin/../lib/gcc/avr/4.9.2/../../../../avr/lib/avr6\libc.a(puts.o)
                0x00004c04                puts
 .text.avr-libc
                0x00004c64      0x3dc c:/program files (x86)/atmel/studio/7.0/toolchain/avr8/avr8-gnu-toolchain/bin/../lib/gcc/avr/4.9.2/../../../../avr/lib/avr6\libc.a(vfprintf_std.o)
                0x00004c64                vfprintf
 .text.avr-libc
                0x00005040       0x16 c:/program files (x86)/atmel/studio/7.0/toolchain/avr8/avr8-gnu-toolchain/bin/../lib/gcc/avr/4.9.2/../../../../avr/lib/avr6\libc.a(strnlen_P.o)
                0x00005040                strnlen_P
 .text.avr-libc
                0x00005056       0x16 c:/program files (x86)/atmel/studio/7.0/toolchain/avr8/avr8-gnu-toolchain/bin/../lib/gcc/avr/4.9.2/../../../../avr/lib/avr6\libc.a(strnlen.o)
                0x00005056                strnlen
 .text.avr-libc
                0x0000506c       0x70 c:/program files (x86)/atmel/studio/7.0/toolchain/avr8/avr8-gnu-toolchain/bin/../lib/gcc/avr/4.9.2/../../../../avr/lib/avr6\libc.a(fputc.o)
                0x0000506c                fputc
 .text.avr-libc
                0x000050dc       0xbc c:/program files (x86)/atmel/studio/7.0/toolchain/avr8/avr8-gnu-toolchain/bin/../lib/gcc/avr/4.9.2/../../../../avr/lib/avr6\libc.a(ultoa_invert.o)
                0x000050dc                __ultoa_invert
                0x00005198                . = ALIGN (0x2)
 *(.fini9)
 .fini9         0x00005198        0x0 c:/program files (x86)/atmel/studio/7.0/toolchain/avr8/avr8-gnu-toolchain/bin/../lib/gcc/avr/4.9.2/avr6\libgcc.a(_exit.o)
                0x00005198                _exit
                0x00005198                exit
 *(.fini9)
 *(.fini8)
 *(.fini8)
 *(.fini7)
 *(.fini7)
 *(.fini6)
 *(.fini6)
 *(.fini5)
 *(.fini5)
 *(.fini4)
 *(.fini4)
 *(.fini3)
 *(.fini3)
 *(.fini2)
 *(.fini2)
 *(.fini1)
 *(.fini1)
 *(.fini0)
 .fini0         0x00005198        0x4 c:/program files (x86)/atmel/studio/7.0/toolchain/avr8/avr8-gnu-toolchain/bin/../lib/gcc/avr/4.9.2/avr6\libgcc.a(_exit.o)
 *(.fini0)
                0x0000519c                _etext = .

.data           0x00800200      0x578 load address 0x0000519c
                0x00800200                PROVIDE (__data_start, .)
 *(.data)
 *(.data*)
 .data.ui8_analogToCM
                0x00800200      0x400 distSens_g2d12.o
                0x00800200                ui8_analogToCM
 .data.mystdout
                0x00800600        0xe usart.o
 *(.rodata)
 *(.rodata*)
 .rodata.str1.1
                0x0080060e        0x6 functions.o
 .rodata.str1.1
                0x00800614       0x5b main.o
 .rodata.DEG_TO_PWM
                0x0080066f       0xb6 servo.o
                0x0080066f                DEG_TO_PWM
 .rodata.str1.1
                0x00800725        0x5 tasks.o
 .rodata.str1.1
                0x0080072a       0x4e usart.o
 *(.gnu.linkonce.d*)
                0x00800778                . = ALIGN (0x2)
                0x00800778                _edata = .
                0x00800778                PROVIDE (__data_end, .)

.bss            0x00800778     0x12d4
                0x00800778                PROVIDE (__bss_start, .)
 *(.bss)
 .bss           0x00800778        0x2 c:/program files (x86)/atmel/studio/7.0/toolchain/avr8/avr8-gnu-toolchain/bin/../lib/gcc/avr/4.9.2/../../../../avr/lib/avr6\libc.a(strtok.o)
 *(.bss*)
 .bss.pucAlignedHeap.1904
                0x0080077a        0x2 heap_1.o
 .bss.xNextFreeByte
                0x0080077c        0x2 heap_1.o
 .bss.ucHeap    0x0080077e     0x1200 heap_1.o
 .bss.gLeftWheelTicks
                0x0080197e        0x2 main.o
                0x0080197e                gLeftWheelTicks
 .bss.gRightWheelTicks
                0x00801980        0x2 main.o
                0x00801980                gRightWheelTicks
 .bss.gY_hat    0x00801982        0x2 main.o
                0x00801982                gY_hat
 .bss.gX_hat    0x00801984        0x2 main.o
                0x00801984                gX_hat
 .bss.gTheta_hat
                0x00801986        0x4 main.o
                0x00801986                gTheta_hat
 .bss.gStoreString
                0x0080198a        0x1 main.o
                0x0080198a                gStoreString
 .bss.gPaused   0x0080198b        0x1 main.o
                0x0080198b                gPaused
 .bss.gHandshook
                0x0080198c        0x1 main.o
                0x0080198c                gHandshook
 .bss.gISR_leftWheelTicks
                0x0080198d        0x1 main.o
                0x0080198d                gISR_leftWheelTicks
 .bss.gISR_rightWheelTicks
                0x0080198e        0x1 main.o
                0x0080198e                gISR_rightWheelTicks
 .bss.actuationQ
                0x0080198f        0x2 main.o
                0x0080198f                actuationQ
 .bss.scanStatusQ
                0x00801991        0x2 main.o
                0x00801991                scanStatusQ
 .bss.poseControllerQ
                0x00801993        0x2 main.o
                0x00801993                poseControllerQ
 .bss.movementQ
                0x00801995        0x2 main.o
                0x00801995                movementQ
 .bss.uxSchedulerSuspended
                0x00801997        0x1 tasks.o
 .bss.xNextTaskUnblockTime
                0x00801998        0x2 tasks.o
 .bss.uxTaskNumber
                0x0080199a        0x1 tasks.o
 .bss.xNumOfOverflows
                0x0080199b        0x1 tasks.o
 .bss.xYieldPending
                0x0080199c        0x1 tasks.o
 .bss.uxPendedTicks
                0x0080199d        0x1 tasks.o
 .bss.xSchedulerRunning
                0x0080199e        0x1 tasks.o
 .bss.uxTopReadyPriority
                0x0080199f        0x1 tasks.o
 .bss.xTickCount
                0x008019a0        0x2 tasks.o
 .bss.uxCurrentNumberOfTasks
                0x008019a2        0x1 tasks.o
 .bss.xSuspendedTaskList
                0x008019a3        0x9 tasks.o
 .bss.xPendingReadyList
                0x008019ac        0x9 tasks.o
 .bss.pxOverflowDelayedTaskList
                0x008019b5        0x2 tasks.o
 .bss.pxDelayedTaskList
                0x008019b7        0x2 tasks.o
 .bss.xDelayedTaskList2
                0x008019b9        0x9 tasks.o
 .bss.xDelayedTaskList1
                0x008019c2        0x9 tasks.o
 .bss.pxReadyTasksLists
                0x008019cb       0x36 tasks.o
 .bss.pxCurrentTCB
                0x00801a01        0x2 tasks.o
                0x00801a01                pxCurrentTCB
 *(COMMON)
 COMMON         0x00801a03       0x1e imu_LSM6DS3.o
                0x00801a03                settings
                0x00801a1d                allOnesCounter
                0x00801a1f                nonSuccessCounter
 COMMON         0x00801a21       0x21 main.o
                0x00801a21                xScanLock
                0x00801a23                gData_count
                0x00801a24                xControllerBSem
                0x00801a26                xTickMutex
                0x00801a28                xUartMutex
                0x00801a2a                xCommandReadyBSem
                0x00801a2c                gData_in
                0x00801a40                xPoseMutex
 COMMON         0x00801a42        0x4 port.o
                0x00801a42                portTickRateHz
                0x00801a44                ticksRemainingInSec
 COMMON         0x00801a46        0x6 c:/program files (x86)/atmel/studio/7.0/toolchain/avr8/avr8-gnu-toolchain/bin/../lib/gcc/avr/4.9.2/../../../../avr/lib/avr6\libc.a(iob.o)
                0x00801a46                __iob
                0x00801a4c                PROVIDE (__bss_end, .)
                0x0000519c                __data_load_start = LOADADDR (.data)
                0x00005714                __data_load_end = (__data_load_start + SIZEOF (.data))

.noinit         0x00801a4c        0x0
                [!provide]                PROVIDE (__noinit_start, .)
 *(.noinit*)
                [!provide]                PROVIDE (__noinit_end, .)
                0x00801a4c                _end = .
                [!provide]                PROVIDE (__heap_start, .)

.eeprom         0x00810000        0x0
 *(.eeprom*)
                0x00810000                __eeprom_end = .

.fuse
 *(.fuse)
 *(.lfuse)
 *(.hfuse)
 *(.efuse)

.lock
 *(.lock*)

.signature
 *(.signature*)

.user_signatures
 *(.user_signatures*)

.stab
 *(.stab)

.stabstr
 *(.stabstr)

.stab.excl
 *(.stab.excl)

.stab.exclstr
 *(.stab.exclstr)

.stab.index
 *(.stab.index)

.stab.indexstr
 *(.stab.indexstr)

.comment        0x00000000       0x5c
 *(.comment)
 .comment       0x00000000       0x30 com_HMC5883L.o
                                 0x31 (size before relaxing)
 .comment       0x00000030       0x31 distSens_g2d12.o
 .comment       0x00000030       0x31 functions.o
 .comment       0x00000030       0x31 heap_1.o
 .comment       0x00000030       0x31 imu_LSM6DS3.o
 .comment       0x00000030       0x31 LED.o
 .comment       0x00000030       0x31 list.o
 .comment       0x00000030       0x31 main.o
 .comment       0x00000030       0x31 motor.o
 .comment       0x00000030       0x31 port.o
 .comment       0x00000030       0x31 queue.o
 .comment       0x00000030       0x31 servo.o
 .comment       0x00000030       0x31 spi.o
 .comment       0x00000030       0x31 tasks.o
 .comment       0x00000030       0x31 twi_master.o
 .comment       0x00000030       0x31 usart.o
 .comment       0x00000030       0x31 c:/program files (x86)/atmel/studio/7.0/toolchain/avr8/avr8-gnu-toolchain/bin/../lib/gcc/avr/4.9.2/../../../../avr/lib/avr6\libc.a(strtok.o)
 .comment       0x00000030       0x31 c:/program files (x86)/atmel/studio/7.0/toolchain/avr8/avr8-gnu-toolchain/bin/../lib/gcc/avr/4.9.2/../../../../avr/lib/avr6\libc.a(iob.o)
 .comment       0x00000030       0x31 c:/program files (x86)/atmel/studio/7.0/toolchain/avr8/avr8-gnu-toolchain/bin/../lib/gcc/avr/4.9.2/../../../../avr/lib/avr6\libc.a(printf.o)
 .comment       0x00000030       0x31 c:/program files (x86)/atmel/studio/7.0/toolchain/avr8/avr8-gnu-toolchain/bin/../lib/gcc/avr/4.9.2/../../../../avr/lib/avr6\libc.a(puts.o)
 .comment       0x00000030       0x2c c:/program files (x86)/atmel/studio/7.0/toolchain/avr8/avr8-gnu-toolchain/bin/../lib/gcc/avr/4.9.2/../../../../avr/lib/avr6\libc.a(vfprintf_std.o)
                                 0x2d (size before relaxing)
 .comment       0x0000005c       0x31 c:/program files (x86)/atmel/studio/7.0/toolchain/avr8/avr8-gnu-toolchain/bin/../lib/gcc/avr/4.9.2/../../../../avr/lib/avr6\libc.a(fputc.o)

.note.gnu.avr.deviceinfo
                0x00000000       0x40
 .note.gnu.avr.deviceinfo
                0x00000000       0x40 C:/Program Files (x86)/Atmel/Studio/7.0/Packs/atmel/ATmega_DFP/1.0.106/gcc/dev/atmega2560/avr6/crtatmega2560.o

.note.gnu.build-id
 *(.note.gnu.build-id)

.debug
 *(.debug)

.line
 *(.line)

.debug_srcinfo
 *(.debug_srcinfo)

.debug_sfnames
 *(.debug_sfnames)

.debug_aranges
 *(.debug_aranges)

.debug_pubnames
 *(.debug_pubnames)

.debug_info
 *(.debug_info .gnu.linkonce.wi.*)

.debug_abbrev
 *(.debug_abbrev)

.debug_line
 *(.debug_line .debug_line.* .debug_line_end)

.debug_frame
 *(.debug_frame)

.debug_str
 *(.debug_str)

.debug_loc
 *(.debug_loc)

.debug_macinfo
 *(.debug_macinfo)

.debug_weaknames
 *(.debug_weaknames)

.debug_funcnames
 *(.debug_funcnames)

.debug_typenames
 *(.debug_typenames)

.debug_varnames
 *(.debug_varnames)

.debug_pubtypes
 *(.debug_pubtypes)

.debug_ranges
 *(.debug_ranges)

.debug_macro
 *(.debug_macro)
OUTPUT(Test.elf elf32-avr)
LOAD linker stubs
